Microchip MPLAB XC8 Compiler V1.33 ()

Linker command line:

--edf=C:\Program Files (x86)\Microchip\xc8\v1.33\dat\en_msgs.txt -cs \
  -h+dist/default/debug\ADB_Launcher.X.debug.sym \
  --cmf=dist/default/debug\ADB_Launcher.X.debug.cmf -z -Q16LF1783 \
  -oC:\Users\477grp4\AppData\Local\Temp\s6k4.6 \
  -Mdist/default/debug/ADB_Launcher.X.debug.map -E1 -ver=XC8 \
  -ASTACK=02123h-021dfh -pstack=STACK -ACONST=00h-0FFhx16 \
  -ACODE=00h-07FFhx2 -ASTRCODE=00h-0FFFh -AENTRY=00h-0FFhx16 \
  -ASTRING=00h-0FFhx16 -ACOMMON=070h-07Fh -ABANK0=020h-06Fh \
  -ABANK1=0A0h-0EFh -ABANK2=0120h-016Fh -ABANK3=01A0h-01EFh \
  -ABANK4=0220h-026Fh -ABANK5=02A0h-02EFh -ABIGRAM=02000h-021DFh \
  -ARAM=020h-06Fh,0A0h-0EFh,0120h-016Fh,01A0h-01EFh,0220h-026Fh,02A0h-02EFh \
  -AABS1=020h-07Fh,0A0h-0EFh,0120h-016Fh,01A0h-01EFh,0220h-026Fh,02A0h-02EFh,0320h-032Fh \
  -ASFR0=00h-01Fh -ASFR1=080h-09Fh -ASFR2=0100h-011Fh -ASFR3=0180h-019Fh \
  -ASFR4=0200h-021Fh -ASFR5=0280h-029Fh -ASFR6=0300h-036Fh \
  -ASFR7=0380h-03EFh -ASFR8=0400h-046Fh -ASFR9=0480h-04EFh \
  -ASFR10=0500h-056Fh -ASFR11=0580h-05EFh -ASFR12=0600h-066Fh \
  -ASFR13=0680h-06EFh -ASFR14=0700h-076Fh -ASFR15=0780h-07EFh \
  -ASFR16=0800h-086Fh -ASFR17=0880h-08EFh -ASFR18=0900h-096Fh \
  -ASFR19=0980h-09EFh -ASFR20=0A00h-0A6Fh -ASFR21=0A80h-0AEFh \
  -ASFR22=0B00h-0B6Fh -ASFR23=0B80h-0BEFh -ASFR24=0C00h-0C6Fh \
  -ASFR25=0C80h-0CEFh -ASFR26=0D00h-0D6Fh -ASFR27=0D80h-0DEFh \
  -ASFR28=0E00h-0E6Fh -ASFR29=0E80h-0EEFh -ASFR30=0F00h-0F6Fh \
  -ASFR31=0F80h-0FEFh -preset_vec=00h,intentry=04h,init,end_init \
  -ppowerup=CODE -pcinit=CODE -pfunctab=CODE -ACONFIG=08007h-08008h \
  -pconfig=CONFIG -DCONFIG=2 -AIDLOC=08000h-08003h -pidloc=IDLOC -DIDLOC=2 \
  -AEEDATA=00h-0FFh/0F000h -peeprom_data=EEDATA -DEEDATA=2 -DCODE=2 \
  -DSTRCODE=2 -DSTRING=2 -DCONST=2 -DENTRY=2 -k \
  C:\Users\477grp4\AppData\Local\Temp\s6k4.obj \
  dist/default/debug\ADB_Launcher.X.debug.obj 

Object code version is 3.11

Machine type is 16LF1783



                Name                               Link     Load   Length Selector   Space Scale
C:\Users\477grp4\AppData\Local\Temp\s6k4.obj
                end_init                             CD       CD        2        8       0
                reset_vec                             0        0        3        0       0
                config                             8007     8007        2    1000E       0
dist/default/debug\ADB_Launcher.X.debug.obj
                cinit                                CF       CF       38        8       0
                intentry                              4        4       C9        8       0
                text27                              E21      E21       17     1C42       0
                text25                              DD4      DD4       12     1BA8       0
                text24                              E50      E50       19     1CA0       0
                text23                              D87      D87        8     1B0E       0
                text22                              ECA      ECA       2B     1D94       0
                text21                              DE6      DE6       12     1BCC       0
                text20                              DA5      DA5        F     1B4A       0
                text19                              D80      D80        7     1B00       0
                text18                              E38      E38       18     1C70       0
                text17                              D99      D99        C     1B32       0
                text16                              DF8      DF8       13     1BF0       0
                text15                              DC3      DC3       11     1B86       0
                text14                              FA0      FA0       60     1F40       0
                text13                              3CA      3CA      16D        8       0
                text12                              F27      F27       37     1E4E       0
                text11                              7CF      7CF       2F        8       0
                text10                              537      537      106        8       0
                text9                               F5E      F5E       42     1EBC       0
                text8                               D8F      D8F        A     1B1E       0
                text7                               75D      75D       72        8       0
                text6                               63D      63D       92        8       0
                text5                               EA8      EA8       22     1D50       0
                text4                               E69      E69       1E     1CD2       0
                text3                               107      107      2C3        8       0
                text2                               EF5      EF5       32     1DEA       0
                text1                               DB4      DB4        F     1B68       0
                maintext                            6CF      6CF       8E        8       0
                cstackBANK0                          20       20       50       20       1
                cstackCOMMON                         70       70        9       70       1
                cstackBANK1                          DF       DF        4       A0       1
                inittext                            D74      D74        6     1AE8       0
                clrtext                             D7A      D7A        6     1AF4       0
                bssBANK3                            1A0      1A0       33      1A0       1
                dataBANK2                           152      152       16      120       1
                bssBANK2                            120      120       32      120       1
                dataBANK1                            A0       A0       21       A0       1
                bssBANK1                             C1       C1       1E       A0       1
                bssCOMMON                            79       79        5       70       1
                nvBANK1                              E3       E3        1       A0       1
                stringtext                          800      800       36       10       0
                idataBANK2                          E0B      E0B       16     1C16       0
                idataBANK1                          E87      E87       21     1D0E       0

TOTAL           Name                               Link     Load   Length     Space
        CLASS   STACK          

        CLASS   CONST          

        CLASS   CODE           
                end_init                             CD       CD        2         0
                cinit                                CF       CF       38         0
                intentry                              4        4       C9         0
                reset_vec                             0        0        3         0
                text27                              E21      E21       17         0
                text25                              DD4      DD4       12         0
                text24                              E50      E50       19         0
                text23                              D87      D87        8         0
                text22                              ECA      ECA       2B         0
                text21                              DE6      DE6       12         0
                text20                              DA5      DA5        F         0
                text19                              D80      D80        7         0
                text18                              E38      E38       18         0
                text17                              D99      D99        C         0
                text16                              DF8      DF8       13         0
                text15                              DC3      DC3       11         0
                text14                              FA0      FA0       60         0
                text13                              3CA      3CA      16D         0
                text12                              F27      F27       37         0
                text11                              7CF      7CF       2F         0
                text10                              537      537      106         0
                text9                               F5E      F5E       42         0
                text8                               D8F      D8F        A         0
                text7                               75D      75D       72         0
                text6                               63D      63D       92         0
                text5                               EA8      EA8       22         0
                text4                               E69      E69       1E         0
                text3                               107      107      2C3         0
                text2                               EF5      EF5       32         0
                text1                               DB4      DB4        F         0
                maintext                            6CF      6CF       8E         0
                inittext                            D74      D74        6         0
                clrtext                             D7A      D7A        6         0
                idataBANK2                          E0B      E0B       16         0
                idataBANK1                          E87      E87       21         0

        CLASS   STRCODE        
                stringtext                          800      800       36         0

        CLASS   ENTRY          

        CLASS   STRING         

        CLASS   COMMON         
                cstackCOMMON                         70       70        9         1
                bssCOMMON                            79       79        5         1

        CLASS   BANK0          
                cstackBANK0                          20       20       50         1

        CLASS   BANK1          
                cstackBANK1                          DF       DF        4         1
                dataBANK1                            A0       A0       21         1
                bssBANK1                             C1       C1       1E         1
                nvBANK1                              E3       E3        1         1

        CLASS   BANK2          
                dataBANK2                           152      152       16         1
                bssBANK2                            120      120       32         1

        CLASS   BANK3          
                bssBANK3                            1A0      1A0       33         1

        CLASS   BANK4          

        CLASS   BANK5          

        CLASS   BIGRAM         

        CLASS   RAM            

        CLASS   ABS1           
                abs_s1                               7E       7E        2         1

        CLASS   SFR0           

        CLASS   SFR1           

        CLASS   SFR2           

        CLASS   SFR3           

        CLASS   SFR4           

        CLASS   SFR5           

        CLASS   SFR6           

        CLASS   SFR7           

        CLASS   SFR8           

        CLASS   SFR9           

        CLASS   SFR10          

        CLASS   SFR11          

        CLASS   SFR12          

        CLASS   SFR13          

        CLASS   SFR14          

        CLASS   SFR15          

        CLASS   SFR16          

        CLASS   SFR17          

        CLASS   SFR18          

        CLASS   SFR19          

        CLASS   SFR20          

        CLASS   SFR21          

        CLASS   SFR22          

        CLASS   SFR23          

        CLASS   SFR24          

        CLASS   SFR25          

        CLASS   SFR26          

        CLASS   SFR27          

        CLASS   SFR28          

        CLASS   SFR29          

        CLASS   SFR30          

        CLASS   SFR31          

        CLASS   CONFIG         
                config                             8007     8007        2         0

        CLASS   IDLOC          

        CLASS   EEDATA         

        CLASS   BANK31         

        CLASS   BANK30         

        CLASS   BANK29         

        CLASS   BANK28         

        CLASS   BANK27         

        CLASS   BANK26         

        CLASS   BANK25         

        CLASS   BANK24         

        CLASS   BANK23         

        CLASS   BANK22         

        CLASS   BANK21         

        CLASS   BANK20         

        CLASS   BANK19         

        CLASS   BANK18         

        CLASS   BANK17         

        CLASS   BANK16         

        CLASS   BANK15         

        CLASS   BANK14         

        CLASS   BANK13         

        CLASS   BANK12         

        CLASS   BANK11         

        CLASS   BANK10         

        CLASS   BANK9          

        CLASS   BANK8          

        CLASS   BANK7          

        CLASS   BANK6          



SEGMENTS        Name                           Load    Length   Top    Selector   Space  Class     Delta

                reset_vec                      000000  000003  000003         0       0  CODE        2
                intentry                       000004  0007FA  0007FE         8       0  CODE        2
                cstackBANK0                    000020  000050  000070        20       1  BANK0       1
                cstackCOMMON                   000070  00000E  00007E        70       1  COMMON      1
                dataBANK1                      0000A0  000044  0000E4        A0       1  BANK1       1
                bssBANK2                       000120  000048  000168       120       1  BANK2       1
                bssBANK3                       0001A0  000033  0001D3       1A0       1  BANK3       1
                stringtext                     000800  000036  000836        10       0  STRCODE     2
                inittext                       000D74  000006  000D7A      1AE8       0  CODE        2
                clrtext                        000D7A  000006  000D80      1AF4       0  CODE        2
                text19                         000D80  000007  000D87      1B00       0  CODE        2
                text23                         000D87  000008  000D8F      1B0E       0  CODE        2
                text8                          000D8F  00000A  000D99      1B1E       0  CODE        2
                text17                         000D99  00000C  000DA5      1B32       0  CODE        2
                text20                         000DA5  00000F  000DB4      1B4A       0  CODE        2
                text1                          000DB4  00000F  000DC3      1B68       0  CODE        2
                text15                         000DC3  000011  000DD4      1B86       0  CODE        2
                text25                         000DD4  000012  000DE6      1BA8       0  CODE        2
                text21                         000DE6  000012  000DF8      1BCC       0  CODE        2
                text16                         000DF8  000013  000E0B      1BF0       0  CODE        2
                idataBANK2                     000E0B  000016  000E21      1C16       0  CODE        2
                text27                         000E21  000017  000E38      1C42       0  CODE        2
                text18                         000E38  000018  000E50      1C70       0  CODE        2
                text24                         000E50  000019  000E69      1CA0       0  CODE        2
                text4                          000E69  00001E  000E87      1CD2       0  CODE        2
                idataBANK1                     000E87  000021  000EA8      1D0E       0  CODE        2
                text5                          000EA8  000022  000ECA      1D50       0  CODE        2
                text22                         000ECA  00002B  000EF5      1D94       0  CODE        2
                text2                          000EF5  000032  000F27      1DEA       0  CODE        2
                text12                         000F27  000037  000F5E      1E4E       0  CODE        2
                text9                          000F5E  000042  000FA0      1EBC       0  CODE        2
                text14                         000FA0  000060  001000      1F40       0  CODE        2
                config                         008007  000002  008009     1000E       0  CONFIG      2


UNUSED ADDRESS RANGES

        Name                Unused          Largest block    Delta
        BANK1            000E4-000EF               C           1
        BANK2            00168-0016F               8           1
        BANK3            001D3-001EF              1D           1
        BANK4            00220-0026F              50           1
        BANK5            002A0-002EF              50           1
        BIGRAM           02000-021DF             1E0           1
        CODE             00003-00003               1           2
                         007FE-007FF               2
                         00836-00D73             53E
        CONST            00003-00003               1           2
                         007FE-007FF               2
                         00836-00D73             100
        EEDATA           0F000-0F0FF             100           2
        ENTRY            00003-00003               1           2
                         007FE-007FF               2
                         00836-00D73             100
        IDLOC            08000-08003               4           2
        RAM              000E4-000EF               C           1
                         00168-0016F               8
                         001D3-001EF              1D
                         00220-0026F              50
                         002A0-002EF              50
        SFR0             00000-0001F              20           1
        SFR1             00080-0009F              20           1
        SFR10            00500-0056F              70           1
        SFR11            00580-005EF              70           1
        SFR12            00600-0066F              70           1
        SFR13            00680-006EF              70           1
        SFR14            00700-0076F              70           1
        SFR15            00780-007EF              70           1
        SFR16            00800-0086F              70           1
        SFR17            00880-008EF              70           1
        SFR18            00900-0096F              70           1
        SFR19            00980-009EF              70           1
        SFR2             00100-0011F              20           1
        SFR20            00A00-00A6F              70           1
        SFR21            00A80-00AEF              70           1
        SFR22            00B00-00B6F              70           1
        SFR23            00B80-00BEF              70           1
        SFR24            00C00-00C6F              70           1
        SFR25            00C80-00CEF              70           1
        SFR26            00D00-00D6F              70           1
        SFR27            00D80-00DEF              70           1
        SFR28            00E00-00E6F              70           1
        SFR29            00E80-00EEF              70           1
        SFR3             00180-0019F              20           1
        SFR30            00F00-00F6F              70           1
        SFR31            00F80-00FEF              70           1
        SFR4             00200-0021F              20           1
        SFR5             00280-0029F              20           1
        SFR6             00300-0036F              70           1
        SFR7             00380-003EF              70           1
        SFR8             00400-0046F              70           1
        SFR9             00480-004EF              70           1
        STACK            02123-021DF              BD           1
        STRCODE          00003-00003               1           2
                         007FE-007FF               2
                         00836-00D73             53E
        STRING           00003-00003               1           2
                         007FE-007FF               2
                         00836-00D73             100

                                  Symbol Table

?___lwdiv                         cstackBANK0  00026
?___lwmod                         cstackBANK0  0002E
?___wmul                          cstackBANK0  00020
?_sprintf                         cstackBANK0  00034
DecodeGPS@F4926                   dataBANK1    000AD
DecodeGPS@F4928                   bssBANK1     000C1
DecodeGPS@F4930                   bssBANK1     000C7
DecodeGPS@eastWest                cstackBANK0  00038
DecodeGPS@latitude                cstackBANK0  0003A
DecodeGPS@longitude               cstackBANK0  00040
DecodeGPS@messageID               cstackBANK0  00030
DecodeGPS@northSouth              cstackBANK0  00037
DecodeGPS@status                  cstackBANK0  00039
DecodeGPS@x                       cstackBANK0  00046
DisableGPS@F4913                  dataBANK1    000A0
GoToSleep@count                   cstackBANK0  00021
ReadBuffer@read_data              cstackBANK0  00021
ReadSPI@dataByte                  cstackBANK0  00021
ReadStatusSPI@dataRead            cstackBANK0  00026
RecordMode@address                cstackBANK0  0003C
RecordMode@count                  cstackBANK0  0003A
RecordMode@x                      cstackBANK0  00040
SetupGPS@F4916                    dataBANK1    000B4
SetupGPS@F4918                    dataBANK1    000BA
SetupGPS@MID                      cstackBANK0  00066
SetupGPS@message                  cstackBANK0  0004A
SetupGPS@startSequence            cstackBANK0  00060
SetupGPS@x                        cstackBANK0  0006A
UpdateGPS@F4923                   dataBANK2    00152
UpdateGPS@GPSupdateMessage        cstackBANK0  0004B
WriteBuffer@data                  cstackCOMMON 00071
WriteOverheadSPI@StatusReg        cstackBANK0  00034
WriteOverheadSPI@address          cstackBANK0  00027
WriteOverheadSPI@address_bytes    cstackBANK0  00031
WriteSPI@databyte                 cstackBANK0  00024
WriteSPI@temp                     cstackBANK0  00022
_ADCON0bits                       (abs)        0009D
_ADCON1bits                       (abs)        0009E
_ADCON2bits                       (abs)        0009F
_ADIE                             (abs)        0048E
_ADIF                             (abs)        0008E
_ADRESH                           (abs)        0009C
_ANSELAbits                       (abs)        0018C
_ANSELBbits                       (abs)        0018D
_DecodeGPS                        text3        00107
_GIE                              (abs)        0005F
_GoToSleep                        text25       00DD4
_INTCONbits                       (abs)        0000B
_IOCAF                            (abs)        00393
_IOCAFbits                        (abs)        00393
_IOCANbits                        (abs)        00392
_IOCAPbits                        (abs)        00391
_IOCBF                            (abs)        00396
_IOCBFbits                        (abs)        00396
_IOCBNbits                        (abs)        00395
_IOCBPbits                        (abs)        00394
_InitADC                          text24       00E50
_InitCLK                          text23       00D87
_InitGPIO                         text22       00ECA
_InitSPI                          text21       00DE6
_InitTimer1                       text20       00DA5
_InitWatchdog                     text19       00D80
_LATBbits                         (abs)        0010D
_LATC2                            (abs)        00872
_OERR                             (abs)        00CE9
_OSCCONbits                       (abs)        00099
_PEIE                             (abs)        0005E
_PIE1bits                         (abs)        00091
_PIR1bits                         (abs)        00011
_PORTAbits                        (abs)        0000C
_PORTBbits                        (abs)        0000D
_RA6                              (abs)        00066
_RCIE                             (abs)        0048D
_RCREG                            (abs)        00199
_RCSTAbits                        (abs)        0019D
_ReadBuffer                       text18       00E38
_ReadSPI                          text17       00D99
_ReadStatusSPI                    text15       00DC3
_RecordMode                       text13       003CA
_SPBRGH                           (abs)        0019C
_SPBRGL                           (abs)        0019B
_SSPBUF                           (abs)        00211
_SSPCON1bits                      (abs)        00215
_SSPSTATbits                      (abs)        00214
_SetupGPS                         text6        0063D
_T1CONbits                        (abs)        00018
_T1GCONbits                       (abs)        00019
_TMR1H                            (abs)        00017
_TMR1IE                           (abs)        00488
_TMR1IF                           (abs)        00088
_TMR1L                            (abs)        00016
_TMR1ON                           (abs)        000C0
_TRISAbits                        (abs)        0008C
_TRISBbits                        (abs)        0008D
_TRISCbits                        (abs)        0008E
_TXREG                            (abs)        0019A
_TXSTAbits                        (abs)        0019E
_ToggleSleepGPS                   text5        00EA8
_UpdateGPS                        text2        00EF5
_WDTCONbits                       (abs)        00097
_WriteBuffer                      text27       00E21
_WriteOverheadSPI                 text14       00FA0
_WriteSPI                         text16       00DF8
__CFG_BOREN$OFF                   (abs)        00000
__CFG_CLKOUTEN$OFF                (abs)        00000
__CFG_FOSC$INTOSC                 (abs)        00000
__CFG_LVP$ON                      (abs)        00000
__CFG_MCLRE$ON                    (abs)        00000
__CFG_PLLEN$OFF                   (abs)        00000
__CFG_WDTE$SWDTEN                 (abs)        00000
__Habs1                           abs1         00000
__Hbank0                          bank0        00000
__Hbank1                          bank1        00000
__Hbank10                         bank10       00000
__Hbank11                         bank11       00000
__Hbank12                         bank12       00000
__Hbank13                         bank13       00000
__Hbank14                         bank14       00000
__Hbank15                         bank15       00000
__Hbank16                         bank16       00000
__Hbank17                         bank17       00000
__Hbank18                         bank18       00000
__Hbank19                         bank19       00000
__Hbank2                          bank2        00000
__Hbank20                         bank20       00000
__Hbank21                         bank21       00000
__Hbank22                         bank22       00000
__Hbank23                         bank23       00000
__Hbank24                         bank24       00000
__Hbank25                         bank25       00000
__Hbank26                         bank26       00000
__Hbank27                         bank27       00000
__Hbank28                         bank28       00000
__Hbank29                         bank29       00000
__Hbank3                          bank3        00000
__Hbank30                         bank30       00000
__Hbank31                         bank31       00000
__Hbank4                          bank4        00000
__Hbank5                          bank5        00000
__Hbank6                          bank6        00000
__Hbank7                          bank7        00000
__Hbank8                          bank8        00000
__Hbank9                          bank9        00000
__Hbigram                         bigram       00000
__HbssBANK1                       bssBANK1     00000
__HbssBANK2                       bssBANK2     00000
__HbssBANK3                       bssBANK3     00000
__HbssCOMMON                      bssCOMMON    00000
__Hcinit                          cinit        00107
__Hclrtext                        clrtext      00000
__Hcode                           code         00000
__Hcommon                         common       00000
__Hconfig                         config       08009
__HcstackBANK0                    cstackBANK0  00000
__HcstackBANK1                    cstackBANK1  00000
__HcstackCOMMON                   cstackCOMMON 00000
__HdataBANK1                      dataBANK1    00000
__HdataBANK2                      dataBANK2    00000
__Heeprom_data                    eeprom_data  00000
__Hend_init                       end_init     000CF
__Hfunctab                        functab      00000
__HidataBANK1                     idataBANK1   00000
__HidataBANK2                     idataBANK2   00000
__Hidloc                          idloc        00000
__Hinit                           init         000CD
__Hinittext                       inittext     00000
__Hintentry                       intentry     000CD
__Hmaintext                       maintext     00000
__HnvBANK1                        nvBANK1      00000
__Hpowerup                        powerup      00000
__Hram                            ram          00000
__Hreset_vec                      reset_vec    00003
__Hsfr0                           sfr0         00000
__Hsfr1                           sfr1         00000
__Hsfr10                          sfr10        00000
__Hsfr11                          sfr11        00000
__Hsfr12                          sfr12        00000
__Hsfr13                          sfr13        00000
__Hsfr14                          sfr14        00000
__Hsfr15                          sfr15        00000
__Hsfr16                          sfr16        00000
__Hsfr17                          sfr17        00000
__Hsfr18                          sfr18        00000
__Hsfr19                          sfr19        00000
__Hsfr2                           sfr2         00000
__Hsfr20                          sfr20        00000
__Hsfr21                          sfr21        00000
__Hsfr22                          sfr22        00000
__Hsfr23                          sfr23        00000
__Hsfr24                          sfr24        00000
__Hsfr25                          sfr25        00000
__Hsfr26                          sfr26        00000
__Hsfr27                          sfr27        00000
__Hsfr28                          sfr28        00000
__Hsfr29                          sfr29        00000
__Hsfr3                           sfr3         00000
__Hsfr30                          sfr30        00000
__Hsfr31                          sfr31        00000
__Hsfr4                           sfr4         00000
__Hsfr5                           sfr5         00000
__Hsfr6                           sfr6         00000
__Hsfr7                           sfr7         00000
__Hsfr8                           sfr8         00000
__Hsfr9                           sfr9         00000
__Hspace_0                        (abs)        08009
__Hspace_1                        (abs)        001D3
__Hspace_2                        (abs)        00000
__Hspace_3                        (abs)        00000
__Hstack                          stack        00000
__Hstrings                        strings      00000
__Hstringtext                     stringtext   00000
__Htext                           text         00000
__Labs1                           abs1         00000
__Lbank0                          bank0        00000
__Lbank1                          bank1        00000
__Lbank10                         bank10       00000
__Lbank11                         bank11       00000
__Lbank12                         bank12       00000
__Lbank13                         bank13       00000
__Lbank14                         bank14       00000
__Lbank15                         bank15       00000
__Lbank16                         bank16       00000
__Lbank17                         bank17       00000
__Lbank18                         bank18       00000
__Lbank19                         bank19       00000
__Lbank2                          bank2        00000
__Lbank20                         bank20       00000
__Lbank21                         bank21       00000
__Lbank22                         bank22       00000
__Lbank23                         bank23       00000
__Lbank24                         bank24       00000
__Lbank25                         bank25       00000
__Lbank26                         bank26       00000
__Lbank27                         bank27       00000
__Lbank28                         bank28       00000
__Lbank29                         bank29       00000
__Lbank3                          bank3        00000
__Lbank30                         bank30       00000
__Lbank31                         bank31       00000
__Lbank4                          bank4        00000
__Lbank5                          bank5        00000
__Lbank6                          bank6        00000
__Lbank7                          bank7        00000
__Lbank8                          bank8        00000
__Lbank9                          bank9        00000
__Lbigram                         bigram       00000
__LbssBANK1                       bssBANK1     00000
__LbssBANK2                       bssBANK2     00000
__LbssBANK3                       bssBANK3     00000
__LbssCOMMON                      bssCOMMON    00000
__Lcinit                          cinit        000CF
__Lclrtext                        clrtext      00000
__Lcode                           code         00000
__Lcommon                         common       00000
__Lconfig                         config       08007
__LcstackBANK0                    cstackBANK0  00000
__LcstackBANK1                    cstackBANK1  00000
__LcstackCOMMON                   cstackCOMMON 00000
__LdataBANK1                      dataBANK1    00000
__LdataBANK2                      dataBANK2    00000
__Leeprom_data                    eeprom_data  00000
__Lend_init                       end_init     000CD
__Lfunctab                        functab      00000
__LidataBANK1                     idataBANK1   00000
__LidataBANK2                     idataBANK2   00000
__Lidloc                          idloc        00000
__Linit                           init         000CD
__Linittext                       inittext     00000
__Lintentry                       intentry     00004
__Lmaintext                       maintext     00000
__LnvBANK1                        nvBANK1      00000
__Lpowerup                        powerup      00000
__Lram                            ram          00000
__Lreset_vec                      reset_vec    00000
__Lsfr0                           sfr0         00000
__Lsfr1                           sfr1         00000
__Lsfr10                          sfr10        00000
__Lsfr11                          sfr11        00000
__Lsfr12                          sfr12        00000
__Lsfr13                          sfr13        00000
__Lsfr14                          sfr14        00000
__Lsfr15                          sfr15        00000
__Lsfr16                          sfr16        00000
__Lsfr17                          sfr17        00000
__Lsfr18                          sfr18        00000
__Lsfr19                          sfr19        00000
__Lsfr2                           sfr2         00000
__Lsfr20                          sfr20        00000
__Lsfr21                          sfr21        00000
__Lsfr22                          sfr22        00000
__Lsfr23                          sfr23        00000
__Lsfr24                          sfr24        00000
__Lsfr25                          sfr25        00000
__Lsfr26                          sfr26        00000
__Lsfr27                          sfr27        00000
__Lsfr28                          sfr28        00000
__Lsfr29                          sfr29        00000
__Lsfr3                           sfr3         00000
__Lsfr30                          sfr30        00000
__Lsfr31                          sfr31        00000
__Lsfr4                           sfr4         00000
__Lsfr5                           sfr5         00000
__Lsfr6                           sfr6         00000
__Lsfr7                           sfr7         00000
__Lsfr8                           sfr8         00000
__Lsfr9                           sfr9         00000
__Lspace_0                        (abs)        00000
__Lspace_1                        (abs)        00000
__Lspace_2                        (abs)        00000
__Lspace_3                        (abs)        00000
__Lstack                          stack        00000
__Lstrings                        strings      00000
__Lstringtext                     stringtext   00000
__Ltext                           text         00000
__S0                              (abs)        08009
__S1                              (abs)        001D3
__S2                              (abs)        00000
__S3                              (abs)        00000
___int_sp                         stack        00000
___latbits                        (abs)        00001
___lwdiv                          text12       00F27
___lwdiv@counter                  cstackBANK0  0002D
___lwdiv@dividend                 cstackBANK0  00028
___lwdiv@divisor                  cstackBANK0  00026
___lwdiv@quotient                 cstackBANK0  0002B
___lwmod                          text11       007CF
___lwmod@counter                  cstackBANK0  00033
___lwmod@dividend                 cstackBANK0  00030
___lwmod@divisor                  cstackBANK0  0002E
___sp                             stack        00000
___wmul                           text4        00E69
___wmul@multiplicand              cstackBANK0  00022
___wmul@multiplier                cstackBANK0  00020
___wmul@product                   cstackBANK0  00024
__end_of_DecodeGPS                text3        003CA
__end_of_GoToSleep                text25       00DE6
__end_of_InitADC                  text24       00E69
__end_of_InitCLK                  text23       00D8F
__end_of_InitGPIO                 text22       00EF5
__end_of_InitSPI                  text21       00DF8
__end_of_InitTimer1               text20       00DB4
__end_of_InitWatchdog             text19       00D87
__end_of_ReadBuffer               text18       00E50
__end_of_ReadSPI                  text17       00DA5
__end_of_ReadStatusSPI            text15       00DD4
__end_of_RecordMode               text13       00537
__end_of_SetupGPS                 text6        006CF
__end_of_ToggleSleepGPS           text5        00ECA
__end_of_UpdateGPS                text2        00F27
__end_of_WriteBuffer              text27       00E38
__end_of_WriteOverheadSPI         text14       01000
__end_of_WriteSPI                 text16       00E0B
__end_of___lwdiv                  text12       00F5E
__end_of___lwmod                  text11       007FE
__end_of___wmul                   text4        00E87
__end_of__initialization          cinit        00103
__end_of__stringdata              stringtext   00836
__end_of_compute_checksum         text9        00FA0
__end_of_dpowers                  stringtext   0080A
__end_of_initUART                 text1        00DC3
__end_of_isr                      intentry     000CD
__end_of_main                     maintext     0075D
__end_of_sprintf                  text10       0063D
__end_of_uart_write_message       text7        007CF
__end_of_uart_xmit                text8        00D99
__initialization                  cinit        000CF
__pbssBANK1                       bssBANK1     000C1
__pbssBANK2                       bssBANK2     00120
__pbssBANK3                       bssBANK3     001A0
__pbssCOMMON                      bssCOMMON    00079
__pcstackBANK0                    cstackBANK0  00020
__pcstackBANK1                    cstackBANK1  000DF
__pcstackCOMMON                   cstackCOMMON 00070
__pdataBANK1                      dataBANK1    000A0
__pdataBANK2                      dataBANK2    00152
__pidataBANK1                     idataBANK1   00E87
__pidataBANK2                     idataBANK2   00E0B
__pintentry                       intentry     00004
__pmaintext                       maintext     006CF
__pnvBANK1                        nvBANK1      000E3
__pstringtext                     stringtext   00800
__ptext1                          text1        00DB4
__ptext10                         text10       00537
__ptext11                         text11       007CF
__ptext12                         text12       00F27
__ptext13                         text13       003CA
__ptext14                         text14       00FA0
__ptext15                         text15       00DC3
__ptext16                         text16       00DF8
__ptext17                         text17       00D99
__ptext18                         text18       00E38
__ptext19                         text19       00D80
__ptext2                          text2        00EF5
__ptext20                         text20       00DA5
__ptext21                         text21       00DE6
__ptext22                         text22       00ECA
__ptext23                         text23       00D87
__ptext24                         text24       00E50
__ptext25                         text25       00DD4
__ptext27                         text27       00E21
__ptext3                          text3        00107
__ptext4                          text4        00E69
__ptext5                          text5        00EA8
__ptext6                          text6        0063D
__ptext7                          text7        0075D
__ptext8                          text8        00D8F
__ptext9                          text9        00F5E
__size_of_DecodeGPS               (abs)        00000
__size_of_GoToSleep               (abs)        00000
__size_of_InitADC                 (abs)        00000
__size_of_InitCLK                 (abs)        00000
__size_of_InitGPIO                (abs)        00000
__size_of_InitSPI                 (abs)        00000
__size_of_InitTimer1              (abs)        00000
__size_of_InitWatchdog            (abs)        00000
__size_of_ReadBuffer              (abs)        00000
__size_of_ReadSPI                 (abs)        00000
__size_of_ReadStatusSPI           (abs)        00000
__size_of_RecordMode              (abs)        00000
__size_of_SetupGPS                (abs)        00000
__size_of_ToggleSleepGPS          (abs)        00000
__size_of_UpdateGPS               (abs)        00000
__size_of_WriteBuffer             (abs)        00000
__size_of_WriteOverheadSPI        (abs)        00000
__size_of_WriteSPI                (abs)        00000
__size_of___lwdiv                 (abs)        00000
__size_of___lwmod                 (abs)        00000
__size_of___wmul                  (abs)        00000
__size_of_compute_checksum        (abs)        00000
__size_of_initUART                (abs)        00000
__size_of_isr                     (abs)        00000
__size_of_main                    (abs)        00000
__size_of_sprintf                 (abs)        00000
__size_of_uart_write_message      (abs)        00000
__size_of_uart_xmit               (abs)        00000
__stringdata                      stringtext   0080A
_buffer                           bssBANK3     001A0
_compute_checksum                 text9        00F5E
_dpowers                          stringtext   00800
_end                              bssCOMMON    00079
_gpsIndex                         nvBANK1      000E3
_gpsInvalidFlag                   dataBANK1    000BE
_gpsMessage                       bssBANK2     00120
_initUART                         text1        00DB4
_isr                              intentry     00004
_isr$524                          cstackCOMMON 00077
_main                             maintext     006CF
_messageDoneFlag                  bssCOMMON    0007D
_recordEndAdress                  bssBANK1     000D9
_recordFlag                       bssBANK1     000DD
_sprintf                          text10       00537
_start                            bssCOMMON    0007B
_strobeFlag                       bssBANK1     000DE
_uart_write_message               text7        0075D
_uart_write_message$1286          cstackBANK0  0002D
_uart_write_message$1287          cstackBANK0  0002F
_uart_xmit                        text8        00D8F
_validEastWest                    dataBANK1    000BF
_validLatitude                    bssBANK1     000CD
_validLongitude                   bssBANK1     000D3
_validNorthSouth                  dataBANK1    000C0
btemp                             (abs)        0007E
clear_ram0                        clrtext      00D7A
compute_checksum@checksum         cstackBANK0  00024
compute_checksum@data             cstackBANK0  00025
compute_checksum@size             cstackBANK0  00020
compute_checksum@x                cstackBANK0  00026
end_of_initialization             cinit        00103
init_ram                          inittext     00D74
intlevel0                         functab      00000
intlevel1                         functab      00000
intlevel2                         functab      00000
intlevel3                         functab      00000
intlevel4                         functab      00000
intlevel5                         functab      00000
ltemp                             (abs)        0007E
ltemp0                            (abs)        0007E
ltemp1                            (abs)        00082
ltemp2                            (abs)        00086
ltemp3                            (abs)        00080
main@periodicCounter              cstackBANK1  000E2
pic14e$flags                      (abs)        0007E
reset_vec                         reset_vec    00000
sprintf@_val                      cstackBANK0  00042
sprintf@ap                        cstackBANK0  00040
sprintf@c                         cstackBANK0  00046
sprintf@f                         cstackBANK0  00034
sprintf@flag                      cstackBANK0  0003E
sprintf@prec                      cstackBANK0  0003F
sprintf@sp                        cstackBANK0  00041
stackhi                           (abs)        021DF
stacklo                           (abs)        02123
start                             init         000CD
start_initialization              cinit        000CF
ttemp                             (abs)        0007E
ttemp0                            (abs)        0007E
ttemp1                            (abs)        00081
ttemp2                            (abs)        00084
ttemp3                            (abs)        00087
ttemp4                            (abs)        0007F
uart_write_message@ascii_checksum cstackBANK0  00035
uart_write_message@checksum       cstackBANK0  00033
uart_write_message@data           cstackBANK0  00034
uart_write_message@size           cstackBANK0  00028
uart_write_message@x              cstackBANK0  00031
uart_xmit@mydata_byte             cstackBANK0  00020
wtemp                             (abs)        0007E
wtemp0                            (abs)        0007E
wtemp1                            (abs)        00080
wtemp2                            (abs)        00082
wtemp3                            (abs)        00084
wtemp4                            (abs)        00086
wtemp5                            (abs)        00088
wtemp6                            (abs)        0007F


FUNCTION INFORMATION:

 *************** function _main *****************
 Defined at:
		line 20 in file "launcher_main.c"
 Parameters:    Size  Location     Type
  argc            2   76[BANK0 ] int 
  argv            2   78[BANK0 ] PTR PTR unsigned char 
 Auto vars:     Size  Location     Type
  periodicCoun    1    3[BANK1 ] unsigned char 
 Return value:  Size  Location     Type
                  2   76[BANK0 ] int 
 Registers used:
		wreg, fsr0l, fsr0h, fsr1l, fsr1h, status,2, status,0, pclath, cstack
 Tracked objects:
		On entry : 
		On exit  : 
		Unchanged: 
 Data sizes:     COMMON   BANK0   BANK1   BANK2   BANK3   BANK4   BANK5
      Params:         0       4       0       0       0       0       0
      Locals:         0       0       1       0       0       0       0
      Temps:          0       0       3       0       0       0       0
      Totals:         0       4       4       0       0       0       0
Total ram usage:        8 bytes
 Hardware stack levels required when called:    6
 This function calls:
		_GoToSleep
		_InitADC
		_InitCLK
		_InitGPIO
		_InitSPI
		_InitTimer1
		_InitWatchdog
		_RecordMode
		_SetupGPS
		_ToggleSleepGPS
		_UpdateGPS
		_initUART
 This function is called by:
		Startup code after reset
 This function uses a non-reentrant model


 *************** function _initUART *****************
 Defined at:
		line 252 in file "launcher_functions.c"
 Parameters:    Size  Location     Type
		None
 Auto vars:     Size  Location     Type
		None
 Return value:  Size  Location     Type
		None               void
 Registers used:
		wreg, status,2
 Tracked objects:
		On entry : 
		On exit  : 
		Unchanged: 
 Data sizes:     COMMON   BANK0   BANK1   BANK2   BANK3   BANK4   BANK5
      Params:         0       0       0       0       0       0       0
      Locals:         0       0       0       0       0       0       0
      Temps:          0       0       0       0       0       0       0
      Totals:         0       0       0       0       0       0       0
Total ram usage:        0 bytes
 Hardware stack levels used:    1
 Hardware stack levels required when called:    2
 This function calls:
		Nothing
 This function is called by:
		_main
 This function uses a non-reentrant model


 *************** function _UpdateGPS *****************
 Defined at:
		line 357 in file "launcher_functions.c"
 Parameters:    Size  Location     Type
		None
 Auto vars:     Size  Location     Type
  GPSupdateMes   22   43[BANK0 ] unsigned char [22]
 Return value:  Size  Location     Type
		None               void
 Registers used:
		wreg, fsr0l, fsr0h, fsr1l, fsr1h, status,2, status,0, pclath, cstack
 Tracked objects:
		On entry : 
		On exit  : 
		Unchanged: 
 Data sizes:     COMMON   BANK0   BANK1   BANK2   BANK3   BANK4   BANK5
      Params:         0       0       0       0       0       0       0
      Locals:         0      22       0       0       0       0       0
      Temps:          0       3       0       0       0       0       0
      Totals:         0      25       0       0       0       0       0
Total ram usage:       25 bytes
 Hardware stack levels used:    1
 Hardware stack levels required when called:    4
 This function calls:
		_DecodeGPS
		_uart_write_message
 This function is called by:
		_main
 This function uses a non-reentrant model


 *************** function _DecodeGPS *****************
 Defined at:
		line 377 in file "launcher_functions.c"
 Parameters:    Size  Location     Type
		None
 Auto vars:     Size  Location     Type
  messageID       7   16[BANK0 ] unsigned char [7]
  longitude       6   32[BANK0 ] unsigned int [3]
  latitude        6   26[BANK0 ] unsigned int [3]
  x               2   38[BANK0 ] int 
  status          1   25[BANK0 ] unsigned char 
  eastWest        1   24[BANK0 ] unsigned char 
  northSouth      1   23[BANK0 ] unsigned char 
 Return value:  Size  Location     Type
		None               void
 Registers used:
		wreg, fsr0l, fsr0h, fsr1l, fsr1h, status,2, status,0, pclath, cstack
 Tracked objects:
		On entry : 
		On exit  : 
		Unchanged: 
 Data sizes:     COMMON   BANK0   BANK1   BANK2   BANK3   BANK4   BANK5
      Params:         0       0       0       0       0       0       0
      Locals:         0      24       0       0       0       0       0
      Temps:          0       2       0       0       0       0       0
      Totals:         0      26       0       0       0       0       0
Total ram usage:       26 bytes
 Hardware stack levels used:    1
 Hardware stack levels required when called:    3
 This function calls:
		___lwdiv
		___wmul
 This function is called by:
		_UpdateGPS
 This function uses a non-reentrant model


 *************** function ___wmul *****************
 Defined at:
		line 15 in file "C:\Program Files (x86)\Microchip\xc8\v1.33\sources\common\Umul16.c"
 Parameters:    Size  Location     Type
  multiplier      2    0[BANK0 ] unsigned int 
  multiplicand    2    2[BANK0 ] unsigned int 
 Auto vars:     Size  Location     Type
  product         2    4[BANK0 ] unsigned int 
 Return value:  Size  Location     Type
                  2    0[BANK0 ] unsigned int 
 Registers used:
		wreg, status,2, status,0
 Tracked objects:
		On entry : 
		On exit  : 
		Unchanged: 
 Data sizes:     COMMON   BANK0   BANK1   BANK2   BANK3   BANK4   BANK5
      Params:         0       4       0       0       0       0       0
      Locals:         0       2       0       0       0       0       0
      Temps:          0       0       0       0       0       0       0
      Totals:         0       6       0       0       0       0       0
Total ram usage:        6 bytes
 Hardware stack levels used:    1
 Hardware stack levels required when called:    2
 This function calls:
		Nothing
 This function is called by:
		_DecodeGPS
 This function uses a non-reentrant model


 *************** function _ToggleSleepGPS *****************
 Defined at:
		line 315 in file "launcher_functions.c"
 Parameters:    Size  Location     Type
		None
 Auto vars:     Size  Location     Type
		None
 Return value:  Size  Location     Type
		None               void
 Registers used:
		wreg
 Tracked objects:
		On entry : 
		On exit  : 
		Unchanged: 
 Data sizes:     COMMON   BANK0   BANK1   BANK2   BANK3   BANK4   BANK5
      Params:         0       0       0       0       0       0       0
      Locals:         0       0       0       0       0       0       0
      Temps:          0       3       0       0       0       0       0
      Totals:         0       3       0       0       0       0       0
Total ram usage:        3 bytes
 Hardware stack levels used:    1
 Hardware stack levels required when called:    2
 This function calls:
		Nothing
 This function is called by:
		_main
 This function uses a non-reentrant model


 *************** function _SetupGPS *****************
 Defined at:
		line 333 in file "launcher_functions.c"
 Parameters:    Size  Location     Type
		None
 Auto vars:     Size  Location     Type
  message        22   42[BANK0 ] unsigned char [22]
  startSequenc    6   64[BANK0 ] unsigned char [6]
  MID             4   70[BANK0 ] unsigned char [4]
  x               2   74[BANK0 ] int 
 Return value:  Size  Location     Type
		None               void
 Registers used:
		wreg, fsr0l, fsr0h, fsr1l, fsr1h, status,2, status,0, pclath, cstack
 Tracked objects:
		On entry : 
		On exit  : 
		Unchanged: 
 Data sizes:     COMMON   BANK0   BANK1   BANK2   BANK3   BANK4   BANK5
      Params:         0       0       0       0       0       0       0
      Locals:         0      34       0       0       0       0       0
      Temps:          0       3       0       0       0       0       0
      Totals:         0      37       0       0       0       0       0
Total ram usage:       37 bytes
 Hardware stack levels used:    1
 Hardware stack levels required when called:    4
 This function calls:
		_sprintf
		_uart_write_message
 This function is called by:
		_main
 This function uses a non-reentrant model


 *************** function _uart_write_message *****************
 Defined at:
		line 288 in file "launcher_functions.c"
 Parameters:    Size  Location     Type
  data            1    wreg     PTR unsigned char 
		 -> UpdateGPS@GPSupdateMessage(22), SetupGPS@message(22), DisableGPS@init_117(13), 
  size            2    8[BANK0 ] int 
 Auto vars:     Size  Location     Type
  data            1   20[BANK0 ] PTR unsigned char 
		 -> UpdateGPS@GPSupdateMessage(22), SetupGPS@message(22), DisableGPS@init_117(13), 
  ascii_checks    2   21[BANK0 ] unsigned char [2]
  x               2   17[BANK0 ] int 
  checksum        1   19[BANK0 ] unsigned char 
 Return value:  Size  Location     Type
		None               void
 Registers used:
		wreg, fsr1l, fsr1h, status,2, status,0, pclath, cstack
 Tracked objects:
		On entry : 
		On exit  : 
		Unchanged: 
 Data sizes:     COMMON   BANK0   BANK1   BANK2   BANK3   BANK4   BANK5
      Params:         0       2       0       0       0       0       0
      Locals:         0      10       0       0       0       0       0
      Temps:          0       3       0       0       0       0       0
      Totals:         0      15       0       0       0       0       0
Total ram usage:       15 bytes
 Hardware stack levels used:    1
 Hardware stack levels required when called:    3
 This function calls:
		_compute_checksum
		_uart_xmit
 This function is called by:
		_SetupGPS
		_UpdateGPS
		_DisableGPS
 This function uses a non-reentrant model


 *************** function _uart_xmit *****************
 Defined at:
		line 280 in file "launcher_functions.c"
 Parameters:    Size  Location     Type
  mydata_byte     1    wreg     unsigned char 
 Auto vars:     Size  Location     Type
  mydata_byte     1    0[BANK0 ] unsigned char 
 Return value:  Size  Location     Type
		None               void
 Registers used:
		wreg
 Tracked objects:
		On entry : 
		On exit  : 
		Unchanged: 
 Data sizes:     COMMON   BANK0   BANK1   BANK2   BANK3   BANK4   BANK5
      Params:         0       0       0       0       0       0       0
      Locals:         0       1       0       0       0       0       0
      Temps:          0       0       0       0       0       0       0
      Totals:         0       1       0       0       0       0       0
Total ram usage:        1 bytes
 Hardware stack levels used:    1
 Hardware stack levels required when called:    2
 This function calls:
		Nothing
 This function is called by:
		_uart_write_message
 This function uses a non-reentrant model


 *************** function _compute_checksum *****************
 Defined at:
		line 269 in file "launcher_functions.c"
 Parameters:    Size  Location     Type
  data            1    wreg     PTR unsigned char 
		 -> UpdateGPS@GPSupdateMessage(22), SetupGPS@message(22), DisableGPS@init_117(13), 
  size            2    0[BANK0 ] int 
 Auto vars:     Size  Location     Type
  data            1    5[BANK0 ] PTR unsigned char 
		 -> UpdateGPS@GPSupdateMessage(22), SetupGPS@message(22), DisableGPS@init_117(13), 
  x               2    6[BANK0 ] int 
  checksum        1    4[BANK0 ] unsigned char 
 Return value:  Size  Location     Type
                  1    wreg      unsigned char 
 Registers used:
		wreg, fsr1l, fsr1h, status,2, status,0
 Tracked objects:
		On entry : 
		On exit  : 
		Unchanged: 
 Data sizes:     COMMON   BANK0   BANK1   BANK2   BANK3   BANK4   BANK5
      Params:         0       2       0       0       0       0       0
      Locals:         0       4       0       0       0       0       0
      Temps:          0       2       0       0       0       0       0
      Totals:         0       8       0       0       0       0       0
Total ram usage:        8 bytes
 Hardware stack levels used:    1
 Hardware stack levels required when called:    2
 This function calls:
		Nothing
 This function is called by:
		_uart_write_message
 This function uses a non-reentrant model


 *************** function _sprintf *****************
 Defined at:
		line 492 in file "C:\Program Files (x86)\Microchip\xc8\v1.33\sources\common\doprnt.c"
 Parameters:    Size  Location     Type
  sp              1    wreg     PTR unsigned char 
		 -> SetupGPS@message(22), 
  f               2   20[BANK0 ] PTR const unsigned char 
		 -> STR_2(18), STR_1(19), 
 Auto vars:     Size  Location     Type
  sp              1   33[BANK0 ] PTR unsigned char 
		 -> SetupGPS@message(22), 
  _val            4   34[BANK0 ] struct .
  c               1   38[BANK0 ] char 
  ap              1   32[BANK0 ] PTR void [1]
		 -> ?_sprintf(2), 
  prec            1   31[BANK0 ] char 
  flag            1   30[BANK0 ] unsigned char 
 Return value:  Size  Location     Type
                  2   20[BANK0 ] int 
 Registers used:
		wreg, fsr0l, fsr0h, fsr1l, fsr1h, status,2, status,0, pclath, cstack
 Tracked objects:
		On entry : 
		On exit  : 
		Unchanged: 
 Data sizes:     COMMON   BANK0   BANK1   BANK2   BANK3   BANK4   BANK5
      Params:         0       6       0       0       0       0       0
      Locals:         0       9       0       0       0       0       0
      Temps:          0       4       0       0       0       0       0
      Totals:         0      19       0       0       0       0       0
Total ram usage:       19 bytes
 Hardware stack levels used:    1
 Hardware stack levels required when called:    3
 This function calls:
		___lwdiv
		___lwmod
 This function is called by:
		_SetupGPS
 This function uses a non-reentrant model


 *************** function ___lwmod *****************
 Defined at:
		line 6 in file "C:\Program Files (x86)\Microchip\xc8\v1.33\sources\common\lwmod.c"
 Parameters:    Size  Location     Type
  divisor         2   14[BANK0 ] unsigned int 
  dividend        2   16[BANK0 ] unsigned int 
 Auto vars:     Size  Location     Type
  counter         1   19[BANK0 ] unsigned char 
 Return value:  Size  Location     Type
                  2   14[BANK0 ] unsigned int 
 Registers used:
		wreg, status,2, status,0
 Tracked objects:
		On entry : 
		On exit  : 
		Unchanged: 
 Data sizes:     COMMON   BANK0   BANK1   BANK2   BANK3   BANK4   BANK5
      Params:         0       4       0       0       0       0       0
      Locals:         0       1       0       0       0       0       0
      Temps:          0       1       0       0       0       0       0
      Totals:         0       6       0       0       0       0       0
Total ram usage:        6 bytes
 Hardware stack levels used:    1
 Hardware stack levels required when called:    2
 This function calls:
		Nothing
 This function is called by:
		_sprintf
 This function uses a non-reentrant model


 *************** function ___lwdiv *****************
 Defined at:
		line 6 in file "C:\Program Files (x86)\Microchip\xc8\v1.33\sources\common\lwdiv.c"
 Parameters:    Size  Location     Type
  divisor         2    6[BANK0 ] unsigned int 
  dividend        2    8[BANK0 ] unsigned int 
 Auto vars:     Size  Location     Type
  quotient        2   11[BANK0 ] unsigned int 
  counter         1   13[BANK0 ] unsigned char 
 Return value:  Size  Location     Type
                  2    6[BANK0 ] unsigned int 
 Registers used:
		wreg, status,2, status,0
 Tracked objects:
		On entry : 
		On exit  : 
		Unchanged: 
 Data sizes:     COMMON   BANK0   BANK1   BANK2   BANK3   BANK4   BANK5
      Params:         0       4       0       0       0       0       0
      Locals:         0       3       0       0       0       0       0
      Temps:          0       1       0       0       0       0       0
      Totals:         0       8       0       0       0       0       0
Total ram usage:        8 bytes
 Hardware stack levels used:    1
 Hardware stack levels required when called:    2
 This function calls:
		Nothing
 This function is called by:
		_DecodeGPS
		_sprintf
 This function uses a non-reentrant model


 *************** function _RecordMode *****************
 Defined at:
		line 510 in file "launcher_functions.c"
 Parameters:    Size  Location     Type
		None
 Auto vars:     Size  Location     Type
  address         4   28[BANK0 ] long 
  x               2   32[BANK0 ] int 
  count           2   26[BANK0 ] int 
 Return value:  Size  Location     Type
		None               void
 Registers used:
		wreg, fsr1l, fsr1h, status,2, status,0, pclath, cstack
 Tracked objects:
		On entry : 
		On exit  : 
		Unchanged: 
 Data sizes:     COMMON   BANK0   BANK1   BANK2   BANK3   BANK4   BANK5
      Params:         0       0       0       0       0       0       0
      Locals:         0       8       0       0       0       0       0
      Temps:          0       5       0       0       0       0       0
      Totals:         0      13       0       0       0       0       0
Total ram usage:       13 bytes
 Hardware stack levels used:    1
 Hardware stack levels required when called:    5
 This function calls:
		_ReadBuffer
		_WriteOverheadSPI
		_WriteSPI
 This function is called by:
		_main
 This function uses a non-reentrant model


 *************** function _WriteOverheadSPI *****************
 Defined at:
		line 167 in file "launcher_functions.c"
 Parameters:    Size  Location     Type
  address         4    7[BANK0 ] long 
 Auto vars:     Size  Location     Type
  address_byte    3   17[BANK0 ] unsigned char [3]
  StatusReg       1   20[BANK0 ] unsigned char 
 Return value:  Size  Location     Type
		None               void
 Registers used:
		wreg, status,2, status,0, pclath, cstack
 Tracked objects:
		On entry : 
		On exit  : 
		Unchanged: 
 Data sizes:     COMMON   BANK0   BANK1   BANK2   BANK3   BANK4   BANK5
      Params:         0       4       0       0       0       0       0
      Locals:         0       4       0       0       0       0       0
      Temps:          0       6       0       0       0       0       0
      Totals:         0      14       0       0       0       0       0
Total ram usage:       14 bytes
 Hardware stack levels used:    1
 Hardware stack levels required when called:    4
 This function calls:
		_ReadStatusSPI
		_WriteSPI
 This function is called by:
		_RecordMode
 This function uses a non-reentrant model


 *************** function _ReadStatusSPI *****************
 Defined at:
		line 155 in file "launcher_functions.c"
 Parameters:    Size  Location     Type
		None
 Auto vars:     Size  Location     Type
  dataRead        1    6[BANK0 ] unsigned char 
 Return value:  Size  Location     Type
                  1    wreg      unsigned char 
 Registers used:
		wreg, status,2, status,0, pclath, cstack
 Tracked objects:
		On entry : 
		On exit  : 
		Unchanged: 
 Data sizes:     COMMON   BANK0   BANK1   BANK2   BANK3   BANK4   BANK5
      Params:         0       0       0       0       0       0       0
      Locals:         0       1       0       0       0       0       0
      Temps:          0       1       0       0       0       0       0
      Totals:         0       2       0       0       0       0       0
Total ram usage:        2 bytes
 Hardware stack levels used:    1
 Hardware stack levels required when called:    3
 This function calls:
		_ReadSPI
		_WriteSPI
 This function is called by:
		_WriteOverheadSPI
		_ReadOverheadSPI
 This function uses a non-reentrant model


 *************** function _WriteSPI *****************
 Defined at:
		line 135 in file "launcher_functions.c"
 Parameters:    Size  Location     Type
  databyte        1    wreg     unsigned char 
 Auto vars:     Size  Location     Type
  databyte        1    4[BANK0 ] unsigned char 
  temp            2    2[BANK0 ] unsigned int 
 Return value:  Size  Location     Type
		None               void
 Registers used:
		wreg
 Tracked objects:
		On entry : 
		On exit  : 
		Unchanged: 
 Data sizes:     COMMON   BANK0   BANK1   BANK2   BANK3   BANK4   BANK5
      Params:         0       0       0       0       0       0       0
      Locals:         0       3       0       0       0       0       0
      Temps:          0       2       0       0       0       0       0
      Totals:         0       5       0       0       0       0       0
Total ram usage:        5 bytes
 Hardware stack levels used:    1
 Hardware stack levels required when called:    2
 This function calls:
		Nothing
 This function is called by:
		_ReadStatusSPI
		_WriteOverheadSPI
		_RecordMode
		_ReadOverheadSPI
 This function uses a non-reentrant model


 *************** function _ReadSPI *****************
 Defined at:
		line 144 in file "launcher_functions.c"
 Parameters:    Size  Location     Type
		None
 Auto vars:     Size  Location     Type
  dataByte        1    1[BANK0 ] unsigned char 
 Return value:  Size  Location     Type
                  1    wreg      unsigned char 
 Registers used:
		wreg, status,2
 Tracked objects:
		On entry : 
		On exit  : 
		Unchanged: 
 Data sizes:     COMMON   BANK0   BANK1   BANK2   BANK3   BANK4   BANK5
      Params:         0       0       0       0       0       0       0
      Locals:         0       1       0       0       0       0       0
      Temps:          0       1       0       0       0       0       0
      Totals:         0       2       0       0       0       0       0
Total ram usage:        2 bytes
 Hardware stack levels used:    1
 Hardware stack levels required when called:    2
 This function calls:
		Nothing
 This function is called by:
		_ReadStatusSPI
 This function uses a non-reentrant model


 *************** function _ReadBuffer *****************
 Defined at:
		line 214 in file "launcher_functions.c"
 Parameters:    Size  Location     Type
		None
 Auto vars:     Size  Location     Type
  read_data       1    1[BANK0 ] unsigned char 
 Return value:  Size  Location     Type
                  1    wreg      unsigned char 
 Registers used:
		wreg, fsr1l, fsr1h, status,2, status,0
 Tracked objects:
		On entry : 
		On exit  : 
		Unchanged: 
 Data sizes:     COMMON   BANK0   BANK1   BANK2   BANK3   BANK4   BANK5
      Params:         0       0       0       0       0       0       0
      Locals:         0       1       0       0       0       0       0
      Temps:          0       1       0       0       0       0       0
      Totals:         0       2       0       0       0       0       0
Total ram usage:        2 bytes
 Hardware stack levels used:    1
 Hardware stack levels required when called:    2
 This function calls:
		Nothing
 This function is called by:
		_RecordMode
 This function uses a non-reentrant model


 *************** function _InitWatchdog *****************
 Defined at:
		line 126 in file "launcher_functions.c"
 Parameters:    Size  Location     Type
		None
 Auto vars:     Size  Location     Type
		None
 Return value:  Size  Location     Type
		None               void
 Registers used:
		wreg, status,2, status,0
 Tracked objects:
		On entry : 
		On exit  : 
		Unchanged: 
 Data sizes:     COMMON   BANK0   BANK1   BANK2   BANK3   BANK4   BANK5
      Params:         0       0       0       0       0       0       0
      Locals:         0       0       0       0       0       0       0
      Temps:          0       0       0       0       0       0       0
      Totals:         0       0       0       0       0       0       0
Total ram usage:        0 bytes
 Hardware stack levels used:    1
 Hardware stack levels required when called:    2
 This function calls:
		Nothing
 This function is called by:
		_main
 This function uses a non-reentrant model


 *************** function _InitTimer1 *****************
 Defined at:
		line 95 in file "launcher_functions.c"
 Parameters:    Size  Location     Type
		None
 Auto vars:     Size  Location     Type
		None
 Return value:  Size  Location     Type
		None               void
 Registers used:
		wreg, status,2, status,0
 Tracked objects:
		On entry : 
		On exit  : 
		Unchanged: 
 Data sizes:     COMMON   BANK0   BANK1   BANK2   BANK3   BANK4   BANK5
      Params:         0       0       0       0       0       0       0
      Locals:         0       0       0       0       0       0       0
      Temps:          0       0       0       0       0       0       0
      Totals:         0       0       0       0       0       0       0
Total ram usage:        0 bytes
 Hardware stack levels used:    1
 Hardware stack levels required when called:    2
 This function calls:
		Nothing
 This function is called by:
		_main
 This function uses a non-reentrant model


 *************** function _InitSPI *****************
 Defined at:
		line 107 in file "launcher_functions.c"
 Parameters:    Size  Location     Type
		None
 Auto vars:     Size  Location     Type
		None
 Return value:  Size  Location     Type
		None               void
 Registers used:
		wreg, status,2, status,0
 Tracked objects:
		On entry : 
		On exit  : 
		Unchanged: 
 Data sizes:     COMMON   BANK0   BANK1   BANK2   BANK3   BANK4   BANK5
      Params:         0       0       0       0       0       0       0
      Locals:         0       0       0       0       0       0       0
      Temps:          0       0       0       0       0       0       0
      Totals:         0       0       0       0       0       0       0
Total ram usage:        0 bytes
 Hardware stack levels used:    1
 Hardware stack levels required when called:    2
 This function calls:
		Nothing
 This function is called by:
		_main
 This function uses a non-reentrant model


 *************** function _InitGPIO *****************
 Defined at:
		line 13 in file "launcher_functions.c"
 Parameters:    Size  Location     Type
		None
 Auto vars:     Size  Location     Type
		None
 Return value:  Size  Location     Type
		None               void
 Registers used:
		status,2
 Tracked objects:
		On entry : 
		On exit  : 
		Unchanged: 
 Data sizes:     COMMON   BANK0   BANK1   BANK2   BANK3   BANK4   BANK5
      Params:         0       0       0       0       0       0       0
      Locals:         0       0       0       0       0       0       0
      Temps:          0       0       0       0       0       0       0
      Totals:         0       0       0       0       0       0       0
Total ram usage:        0 bytes
 Hardware stack levels used:    1
 Hardware stack levels required when called:    2
 This function calls:
		Nothing
 This function is called by:
		_main
 This function uses a non-reentrant model


 *************** function _InitCLK *****************
 Defined at:
		line 8 in file "launcher_functions.c"
 Parameters:    Size  Location     Type
		None
 Auto vars:     Size  Location     Type
		None
 Return value:  Size  Location     Type
		None               void
 Registers used:
		wreg, status,2, status,0
 Tracked objects:
		On entry : 
		On exit  : 
		Unchanged: 
 Data sizes:     COMMON   BANK0   BANK1   BANK2   BANK3   BANK4   BANK5
      Params:         0       0       0       0       0       0       0
      Locals:         0       0       0       0       0       0       0
      Temps:          0       0       0       0       0       0       0
      Totals:         0       0       0       0       0       0       0
Total ram usage:        0 bytes
 Hardware stack levels used:    1
 Hardware stack levels required when called:    2
 This function calls:
		Nothing
 This function is called by:
		_main
 This function uses a non-reentrant model


 *************** function _InitADC *****************
 Defined at:
		line 72 in file "launcher_functions.c"
 Parameters:    Size  Location     Type
		None
 Auto vars:     Size  Location     Type
		None
 Return value:  Size  Location     Type
		None               void
 Registers used:
		wreg, status,2, status,0
 Tracked objects:
		On entry : 
		On exit  : 
		Unchanged: 
 Data sizes:     COMMON   BANK0   BANK1   BANK2   BANK3   BANK4   BANK5
      Params:         0       0       0       0       0       0       0
      Locals:         0       0       0       0       0       0       0
      Temps:          0       0       0       0       0       0       0
      Totals:         0       0       0       0       0       0       0
Total ram usage:        0 bytes
 Hardware stack levels used:    1
 Hardware stack levels required when called:    2
 This function calls:
		Nothing
 This function is called by:
		_main
 This function uses a non-reentrant model


 *************** function _GoToSleep *****************
 Defined at:
		line 490 in file "launcher_functions.c"
 Parameters:    Size  Location     Type
  count           1    wreg     unsigned char 
 Auto vars:     Size  Location     Type
  count           1    1[BANK0 ] unsigned char 
 Return value:  Size  Location     Type
		None               void
 Registers used:
		wreg, status,2, status,0
 Tracked objects:
		On entry : 
		On exit  : 
		Unchanged: 
 Data sizes:     COMMON   BANK0   BANK1   BANK2   BANK3   BANK4   BANK5
      Params:         0       0       0       0       0       0       0
      Locals:         0       1       0       0       0       0       0
      Temps:          0       1       0       0       0       0       0
      Totals:         0       2       0       0       0       0       0
Total ram usage:        2 bytes
 Hardware stack levels used:    1
 Hardware stack levels required when called:    2
 This function calls:
		Nothing
 This function is called by:
		_main
 This function uses a non-reentrant model


 *************** function _isr *****************
 Defined at:
		line 86 in file "launcher_main.c"
 Parameters:    Size  Location     Type
		None
 Auto vars:     Size  Location     Type
		None
 Return value:  Size  Location     Type
		None               void
 Registers used:
		wreg, fsr1l, fsr1h, status,2, status,0, pclath, cstack
 Tracked objects:
		On entry : 
		On exit  : 
		Unchanged: 
 Data sizes:     COMMON   BANK0   BANK1   BANK2   BANK3   BANK4   BANK5
      Params:         0       0       0       0       0       0       0
      Locals:         2       0       0       0       0       0       0
      Temps:          5       0       0       0       0       0       0
      Totals:         7       0       0       0       0       0       0
Total ram usage:        7 bytes
 Hardware stack levels used:    1
 Hardware stack levels required when called:    1
 This function calls:
		_WriteBuffer
 This function is called by:
		Interrupt level 1
 This function uses a non-reentrant model


 *************** function _WriteBuffer *****************
 Defined at:
		line 204 in file "launcher_functions.c"
 Parameters:    Size  Location     Type
  data            1    wreg     unsigned char 
 Auto vars:     Size  Location     Type
  data            1    1[COMMON] unsigned char 
 Return value:  Size  Location     Type
		None               void
 Registers used:
		wreg, fsr1l, fsr1h, status,2, status,0
 Tracked objects:
		On entry : 
		On exit  : 
		Unchanged: 
 Data sizes:     COMMON   BANK0   BANK1   BANK2   BANK3   BANK4   BANK5
      Params:         0       0       0       0       0       0       0
      Locals:         1       0       0       0       0       0       0
      Temps:          1       0       0       0       0       0       0
      Totals:         2       0       0       0       0       0       0
Total ram usage:        2 bytes
 Hardware stack levels used:    1
 This function calls:
		Nothing
 This function is called by:
		_isr
 This function uses a non-reentrant model



MODULE INFORMATION

Module		Function		Class		Link	Load	Size
C:\Program Files (x86)\Microchip\xc8\v1.33\sources\common\doprnt.c
		_sprintf       		CODE           	0537	0000	262

C:\Program Files (x86)\Microchip\xc8\v1.33\sources\common\doprnt.c estimated size: 262

C:\Program Files (x86)\Microchip\xc8\v1.33\sources\common\lwmod.c
		___lwmod       		CODE           	07CF	0000	47

C:\Program Files (x86)\Microchip\xc8\v1.33\sources\common\lwmod.c estimated size: 47

C:\Program Files (x86)\Microchip\xc8\v1.33\sources\common\Umul16.c
		___wmul        		CODE           	0E69	0000	30

C:\Program Files (x86)\Microchip\xc8\v1.33\sources\common\Umul16.c estimated size: 30

C:\Program Files (x86)\Microchip\xc8\v1.33\sources\common\lwdiv.c
		___lwdiv       		CODE           	0F27	0000	55

C:\Program Files (x86)\Microchip\xc8\v1.33\sources\common\lwdiv.c estimated size: 55

shared
		__stringdata   		STRCODE        	080A	0000	44
		_dpowers       		STRCODE        	0800	0000	10
		__initializatio		CODE           	00CF	0000	52

shared estimated size: 106

launcher_functions.c
		_InitTimer1    		CODE           	0DA5	0000	15
		_ToggleSleepGPS		CODE           	0EA8	0000	34
		_GoToSleep     		CODE           	0DD4	0000	18
		_InitADC       		CODE           	0E50	0000	25
		_uart_write_mes		CODE           	075D	0000	114
		_initUART      		CODE           	0DB4	0000	15
		_WriteOverheadS		CODE           	0FA0	0000	96
		_compute_checks		CODE           	0F5E	0000	66
		_WriteBuffer   		CODE           	0E21	0000	23
		_DecodeGPS     		CODE           	0107	0000	707
		_UpdateGPS     		CODE           	0EF5	0000	50
		_InitGPIO      		CODE           	0ECA	0000	43
		_ReadBuffer    		CODE           	0E38	0000	24
		_InitSPI       		CODE           	0DE6	0000	18
		_uart_xmit     		CODE           	0D8F	0000	10
		_WriteSPI      		CODE           	0DF8	0000	19
		_SetupGPS      		CODE           	063D	0000	146
		_ReadSPI       		CODE           	0D99	0000	12
		_ReadStatusSPI 		CODE           	0DC3	0000	17
		_InitWatchdog  		CODE           	0D80	0000	7
		_RecordMode    		CODE           	03CA	0000	365
		_InitCLK       		CODE           	0D87	0000	8

launcher_functions.c estimated size: 1832

launcher_main.c
		_main          		CODE           	06CF	0000	142
		_isr           		CODE           	0004	0000	201

launcher_main.c estimated size: 343

