Microchip MPLAB XC8 Compiler V1.33 ()

Linker command line:

--edf=C:\Program Files (x86)\Microchip\xc8\v1.33\dat\en_msgs.txt -cs \
  -h+dist/default/production\ADB_Launcher.X.production.sym \
  --cmf=dist/default/production\ADB_Launcher.X.production.cmf -z -Q16LF1783 \
  -oC:\Users\477grp4\AppData\Local\Temp\s3bk.6 \
  -Mdist/default/production/ADB_Launcher.X.production.map -E1 -ver=XC8 \
  -ASTACK=02188h-021efh -pstack=STACK -ACONST=00h-0FFhx16 \
  -ACODE=00h-07FFhx2 -ASTRCODE=00h-0FFFh -AENTRY=00h-0FFhx16 \
  -ASTRING=00h-0FFhx16 -ACOMMON=070h-07Fh -ABANK0=020h-06Fh \
  -ABANK1=0A0h-0EFh -ABANK2=0120h-016Fh -ABANK3=01A0h-01EFh \
  -ABANK4=0220h-026Fh -ABANK5=02A0h-02EFh -ABANK6=0320h-032Fh \
  -ABIGRAM=02000h-021EFh \
  -ARAM=020h-06Fh,0A0h-0EFh,0120h-016Fh,01A0h-01EFh,0220h-026Fh,02A0h-02EFh,0320h-032Fh \
  -AABS1=020h-07Fh,0A0h-0EFh,0120h-016Fh,01A0h-01EFh,0220h-026Fh,02A0h-02EFh,0320h-032Fh \
  -ASFR0=00h-01Fh -ASFR1=080h-09Fh -ASFR2=0100h-011Fh -ASFR3=0180h-019Fh \
  -ASFR4=0200h-021Fh -ASFR5=0280h-029Fh -ASFR6=0300h-031Fh \
  -ASFR7=0380h-03EFh -ASFR8=0400h-046Fh -ASFR9=0480h-04EFh \
  -ASFR10=0500h-056Fh -ASFR11=0580h-05EFh -ASFR12=0600h-066Fh \
  -ASFR13=0680h-06EFh -ASFR14=0700h-076Fh -ASFR15=0780h-07EFh \
  -ASFR16=0800h-086Fh -ASFR17=0880h-08EFh -ASFR18=0900h-096Fh \
  -ASFR19=0980h-09EFh -ASFR20=0A00h-0A6Fh -ASFR21=0A80h-0AEFh \
  -ASFR22=0B00h-0B6Fh -ASFR23=0B80h-0BEFh -ASFR24=0C00h-0C6Fh \
  -ASFR25=0C80h-0CEFh -ASFR26=0D00h-0D6Fh -ASFR27=0D80h-0DEFh \
  -ASFR28=0E00h-0E6Fh -ASFR29=0E80h-0EEFh -ASFR30=0F00h-0F6Fh \
  -ASFR31=0F80h-0FEFh -preset_vec=00h,intentry=04h,init,end_init \
  -ppowerup=CODE -pcinit=CODE -pfunctab=CODE -ACONFIG=08007h-08008h \
  -pconfig=CONFIG -DCONFIG=2 -AIDLOC=08000h-08003h -pidloc=IDLOC -DIDLOC=2 \
  -AEEDATA=00h-0FFh/0F000h -peeprom_data=EEDATA -DEEDATA=2 -DCODE=2 \
  -DSTRCODE=2 -DSTRING=2 -DCONST=2 -DENTRY=2 -k \
  C:\Users\477grp4\AppData\Local\Temp\s3bk.obj \
  dist/default/production\ADB_Launcher.X.production.obj 

Object code version is 3.11

Machine type is 16LF1783



                Name                               Link     Load   Length Selector   Space Scale
C:\Users\477grp4\AppData\Local\Temp\s3bk.obj
                end_init                             D8       D8        2        8       0
                reset_vec                             0        0        2        0       0
                config                             8007     8007        2    1000E       0
dist/default/production\ADB_Launcher.X.production.obj
                cinit                                DA       DA       5D        8       0
                intentry                              4        4       D4        8       0
                text33                              C99      C99       17     1932       0
                text31                              C3A      C3A       12     1874       0
                text30                              CE2      CE2       1C     19C4       0
                text29                              7E7      7E7       19        8       0
                text28                              BC8      BC8        8     1790       0
                text27                              D1C      D1C       2D     1A38       0
                text26                              BE4      BE4        C     17C8       0
                text25                              BFC      BFC        F     17F8       0
                text24                              C0B      C0B        F     1816       0
                text23                              BC1      BC1        7     1782       0
                text22                              BF0      BF0        C     17E0       0
                text21                              C70      C70       13     18E0       0
                text20                              C29      C29       11     1852       0
                text19                              C1A      C1A        F     1834       0
                text18                              CB0      CB0       18     1960       0
                text17                              C4C      C4C       12     1898       0
                text16                              EB4      EB4       60     1D68       0
                text15                              F14      F14       76     1E28       0
                text14                              395      395      19B        8       0
                text13                              DA5      DA5       37     1B4A       0
                text12                              D76      D76       2F     1AEC       0
                text11                              667      667      106        8       0
                text10                              DDC      DDC       42     1BB8       0
                text9                               BD0      BD0        A     17A0       0
                text8                               F8A      F8A       76     1F14       0
                text7                               76D      76D       7A        8       0
                text6                               D49      D49       2D     1A92       0
                text5                               E60      E60       54     1CC0       0
                text4                               C5E      C5E       12     18BC       0
                text3                               CFE      CFE       1E     19FC       0
                text2                               137      137      25E        8       0
                text1                               E1E      E1E       42     1C3C       0
                maintext                            530      530      137        8       0
                cstackBANK0                          20       20       45       20       1
                cstackCOMMON                         70       70        9       70       1
                cstackBANK1                          A0       A0       3E       A0       1
                inittext                            BB5      BB5        6     176A       0
                clrtext                             BBB      BBB        6     1776       0
                bssBANK4                            220      220       48      220       1
                dataBANK3                           1D3      1D3       16      1A0       1
                bssBANK3                            1A0      1A0       33      1A0       1
                dataBANK2                           156      156       1A      120       1
                bssBANK2                            120      120       36      120       1
                dataBANK1                            DE       DE        A       A0       1
                bssBANK1                             E8       E8        6       A0       1
                dataBANK0                            6B       6B        3       20       1
                bssBANK0                             65       65        6       20       1
                bssCOMMON                            79       79        5       70       1
                stringtext                          800      800       24       10       0
                idataBANK3                          C83      C83       16     1906       0
                idataBANK2                          CC8      CC8       1A     1990       0
                idataBANK1                          BDA      BDA        A     17B4       0
                idataBANK0                          BB2      BB2        3     1764       0

TOTAL           Name                               Link     Load   Length     Space
        CLASS   STACK          

        CLASS   CONST          

        CLASS   CODE           
                end_init                             D8       D8        2         0
                cinit                                DA       DA       5D         0
                intentry                              4        4       D4         0
                reset_vec                             0        0        2         0
                text33                              C99      C99       17         0
                text31                              C3A      C3A       12         0
                text30                              CE2      CE2       1C         0
                text29                              7E7      7E7       19         0
                text28                              BC8      BC8        8         0
                text27                              D1C      D1C       2D         0
                text26                              BE4      BE4        C         0
                text25                              BFC      BFC        F         0
                text24                              C0B      C0B        F         0
                text23                              BC1      BC1        7         0
                text22                              BF0      BF0        C         0
                text21                              C70      C70       13         0
                text20                              C29      C29       11         0
                text19                              C1A      C1A        F         0
                text18                              CB0      CB0       18         0
                text17                              C4C      C4C       12         0
                text16                              EB4      EB4       60         0
                text15                              F14      F14       76         0
                text14                              395      395      19B         0
                text13                              DA5      DA5       37         0
                text12                              D76      D76       2F         0
                text11                              667      667      106         0
                text10                              DDC      DDC       42         0
                text9                               BD0      BD0        A         0
                text8                               F8A      F8A       76         0
                text7                               76D      76D       7A         0
                text6                               D49      D49       2D         0
                text5                               E60      E60       54         0
                text4                               C5E      C5E       12         0
                text3                               CFE      CFE       1E         0
                text2                               137      137      25E         0
                text1                               E1E      E1E       42         0
                maintext                            530      530      137         0
                inittext                            BB5      BB5        6         0
                clrtext                             BBB      BBB        6         0
                idataBANK3                          C83      C83       16         0
                idataBANK2                          CC8      CC8       1A         0
                idataBANK1                          BDA      BDA        A         0
                idataBANK0                          BB2      BB2        3         0

        CLASS   STRCODE        
                stringtext                          800      800       24         0

        CLASS   ENTRY          

        CLASS   STRING         

        CLASS   COMMON         
                cstackCOMMON                         70       70        9         1
                bssCOMMON                            79       79        5         1

        CLASS   BANK0          
                cstackBANK0                          20       20       45         1
                dataBANK0                            6B       6B        3         1
                bssBANK0                             65       65        6         1

        CLASS   BANK1          
                cstackBANK1                          A0       A0       3E         1
                dataBANK1                            DE       DE        A         1
                bssBANK1                             E8       E8        6         1

        CLASS   BANK2          
                dataBANK2                           156      156       1A         1
                bssBANK2                            120      120       36         1

        CLASS   BANK3          
                dataBANK3                           1D3      1D3       16         1
                bssBANK3                            1A0      1A0       33         1

        CLASS   BANK4          
                bssBANK4                            220      220       48         1

        CLASS   BANK5          

        CLASS   BANK6          

        CLASS   BIGRAM         

        CLASS   RAM            

        CLASS   ABS1           
                abs_s1                               7E       7E        2         1

        CLASS   SFR0           

        CLASS   SFR1           

        CLASS   SFR2           

        CLASS   SFR3           

        CLASS   SFR4           

        CLASS   SFR5           

        CLASS   SFR6           

        CLASS   SFR7           

        CLASS   SFR8           

        CLASS   SFR9           

        CLASS   SFR10          

        CLASS   SFR11          

        CLASS   SFR12          

        CLASS   SFR13          

        CLASS   SFR14          

        CLASS   SFR15          

        CLASS   SFR16          

        CLASS   SFR17          

        CLASS   SFR18          

        CLASS   SFR19          

        CLASS   SFR20          

        CLASS   SFR21          

        CLASS   SFR22          

        CLASS   SFR23          

        CLASS   SFR24          

        CLASS   SFR25          

        CLASS   SFR26          

        CLASS   SFR27          

        CLASS   SFR28          

        CLASS   SFR29          

        CLASS   SFR30          

        CLASS   SFR31          

        CLASS   CONFIG         
                config                             8007     8007        2         0

        CLASS   IDLOC          

        CLASS   EEDATA         

        CLASS   BANK31         

        CLASS   BANK30         

        CLASS   BANK29         

        CLASS   BANK28         

        CLASS   BANK27         

        CLASS   BANK26         

        CLASS   BANK25         

        CLASS   BANK24         

        CLASS   BANK23         

        CLASS   BANK22         

        CLASS   BANK21         

        CLASS   BANK20         

        CLASS   BANK19         

        CLASS   BANK18         

        CLASS   BANK17         

        CLASS   BANK16         

        CLASS   BANK15         

        CLASS   BANK14         

        CLASS   BANK13         

        CLASS   BANK12         

        CLASS   BANK11         

        CLASS   BANK10         

        CLASS   BANK9          

        CLASS   BANK8          

        CLASS   BANK7          



SEGMENTS        Name                           Load    Length   Top    Selector   Space  Class     Delta

                reset_vec                      000000  000002  000002         0       0  CODE        2
                intentry                       000004  0007FC  000800         8       0  CODE        2
                cstackBANK0                    000020  00004E  00006E        20       1  BANK0       1
                cstackCOMMON                   000070  00000E  00007E        70       1  COMMON      1
                cstackBANK1                    0000A0  00004E  0000EE        A0       1  BANK1       1
                bssBANK2                       000120  000050  000170       120       1  BANK2       1
                bssBANK3                       0001A0  000049  0001E9       1A0       1  BANK3       1
                bssBANK4                       000220  000048  000268       220       1  BANK4       1
                stringtext                     000800  000024  000824        10       0  STRCODE     2
                idataBANK0                     000BB2  000003  000BB5      1764       0  CODE        2
                inittext                       000BB5  000006  000BBB      176A       0  CODE        2
                clrtext                        000BBB  000006  000BC1      1776       0  CODE        2
                text23                         000BC1  000007  000BC8      1782       0  CODE        2
                text28                         000BC8  000008  000BD0      1790       0  CODE        2
                text9                          000BD0  00000A  000BDA      17A0       0  CODE        2
                idataBANK1                     000BDA  00000A  000BE4      17B4       0  CODE        2
                text26                         000BE4  00000C  000BF0      17C8       0  CODE        2
                text22                         000BF0  00000C  000BFC      17E0       0  CODE        2
                text25                         000BFC  00000F  000C0B      17F8       0  CODE        2
                text24                         000C0B  00000F  000C1A      1816       0  CODE        2
                text19                         000C1A  00000F  000C29      1834       0  CODE        2
                text20                         000C29  000011  000C3A      1852       0  CODE        2
                text31                         000C3A  000012  000C4C      1874       0  CODE        2
                text17                         000C4C  000012  000C5E      1898       0  CODE        2
                text4                          000C5E  000012  000C70      18BC       0  CODE        2
                text21                         000C70  000013  000C83      18E0       0  CODE        2
                idataBANK3                     000C83  000016  000C99      1906       0  CODE        2
                text33                         000C99  000017  000CB0      1932       0  CODE        2
                text18                         000CB0  000018  000CC8      1960       0  CODE        2
                idataBANK2                     000CC8  00001A  000CE2      1990       0  CODE        2
                text30                         000CE2  00001C  000CFE      19C4       0  CODE        2
                text3                          000CFE  00001E  000D1C      19FC       0  CODE        2
                text27                         000D1C  00002D  000D49      1A38       0  CODE        2
                text6                          000D49  00002D  000D76      1A92       0  CODE        2
                text12                         000D76  00002F  000DA5      1AEC       0  CODE        2
                text13                         000DA5  000037  000DDC      1B4A       0  CODE        2
                text10                         000DDC  000042  000E1E      1BB8       0  CODE        2
                text1                          000E1E  000042  000E60      1C3C       0  CODE        2
                text5                          000E60  000054  000EB4      1CC0       0  CODE        2
                text16                         000EB4  000060  000F14      1D68       0  CODE        2
                text15                         000F14  000076  000F8A      1E28       0  CODE        2
                text8                          000F8A  000076  001000      1F14       0  CODE        2
                config                         008007  000002  008009     1000E       0  CONFIG      2


UNUSED ADDRESS RANGES

        Name                Unused          Largest block    Delta
        BANK0            0006E-0006F               2           1
        BANK1            000EE-000EF               2           1
        BANK3            001E9-001EF               7           1
        BANK4            00268-0026F               8           1
        BANK5            002A0-002EF              50           1
        BANK6            00320-0032F              10           1
        BIGRAM           02000-021EF             1F0           1
        CODE             00002-00003               2           2
                         00824-00BB1             38E
        CONST            00002-00003               2           2
                         00824-00BB1             100
        EEDATA           0F000-0F0FF             100           2
        ENTRY            00002-00003               2           2
                         00824-00BB1             100
        IDLOC            08000-08003               4           2
        RAM              0006E-0006F               2           1
                         000EE-000EF               2
                         001E9-001EF               7
                         00268-0026F               8
                         002A0-002EF              50
                         00320-0032F              10
        SFR0             00000-0001F              20           1
        SFR1             00080-0009F              20           1
        SFR10            00500-0056F              70           1
        SFR11            00580-005EF              70           1
        SFR12            00600-0066F              70           1
        SFR13            00680-006EF              70           1
        SFR14            00700-0076F              70           1
        SFR15            00780-007EF              70           1
        SFR16            00800-0086F              70           1
        SFR17            00880-008EF              70           1
        SFR18            00900-0096F              70           1
        SFR19            00980-009EF              70           1
        SFR2             00100-0011F              20           1
        SFR20            00A00-00A6F              70           1
        SFR21            00A80-00AEF              70           1
        SFR22            00B00-00B6F              70           1
        SFR23            00B80-00BEF              70           1
        SFR24            00C00-00C6F              70           1
        SFR25            00C80-00CEF              70           1
        SFR26            00D00-00D6F              70           1
        SFR27            00D80-00DEF              70           1
        SFR28            00E00-00E6F              70           1
        SFR29            00E80-00EEF              70           1
        SFR3             00180-0019F              20           1
        SFR30            00F00-00F6F              70           1
        SFR31            00F80-00FEF              70           1
        SFR4             00200-0021F              20           1
        SFR5             00280-0029F              20           1
        SFR6             00300-0031F              20           1
        SFR7             00380-003EF              70           1
        SFR8             00400-0046F              70           1
        SFR9             00480-004EF              70           1
        STACK            02188-021EF              68           1
        STRCODE          00002-00003               2           2
                         00824-00BB1             38E
        STRING           00002-00003               2           2
                         00824-00BB1             100

                                  Symbol Table

?___awdiv                         cstackBANK0  00026
?___lwdiv                         cstackBANK0  00020
?___lwmod                         cstackBANK0  00028
?___wmul                          cstackBANK0  00020
?_sprintf                         cstackBANK0  0002E
CheckDisconnect@status            cstackBANK0  00028
DecodeGPS@F4935                   dataBANK2    00163
DecodeGPS@F4937                   bssBANK1     000E8
DecodeGPS@F4939                   bssBANK1     000EB
DecodeGPS@eastWest                cstackBANK0  0003A
DecodeGPS@latitude                cstackBANK0  0003C
DecodeGPS@longitude               cstackBANK0  0003F
DecodeGPS@messageID               cstackBANK0  00032
DecodeGPS@northSouth              cstackBANK0  00039
DecodeGPS@status                  cstackBANK0  0003B
DecodeGPS@x                       cstackBANK0  00042
DisableGPS@F4922                  dataBANK2    00156
GoToSleep@count                   cstackBANK0  00021
Hibernate@count                   cstackBANK0  00021
ReadBuffer@read_data              cstackBANK0  00021
ReadSPI@dataByte                  cstackBANK0  00021
ReadStatusSPI@dataRead            cstackBANK0  00026
RecordMode@address                cstackBANK0  00043
RecordMode@count                  cstackBANK0  00041
SendGPSSPI@address                cstackBANK0  00036
SendGPSSPI@x                      cstackBANK0  0003A
SetupGPS@F4925                    dataBANK2    0016A
SetupGPS@F4927                    dataBANK1    000DE
SetupGPS@MID                      cstackBANK1  000D8
SetupGPS@message                  cstackBANK1  000A0
SetupGPS@startSequence            cstackBANK1  000D2
SetupGPS@x                        cstackBANK1  000DC
UpdateGPS@F4933                   dataBANK3    001D3
UpdateGPS@GPSupdateMessage        cstackBANK0  00045
UpdateGPS@timeoutCounter          cstackBANK0  0005B
WriteBuffer@data                  cstackCOMMON 00071
WriteOverheadSPI@StatusReg        cstackBANK0  00034
WriteOverheadSPI@address          cstackBANK0  00027
WriteOverheadSPI@address_bytes    cstackBANK0  00031
WriteSPI@databyte                 cstackBANK0  00024
WriteSPI@temp                     cstackBANK0  00022
_ADCON0bits                       (abs)        0009D
_ADCON1bits                       (abs)        0009E
_ADCON2bits                       (abs)        0009F
_ADIE                             (abs)        0048E
_ADIF                             (abs)        0008E
_ADRESH                           (abs)        0009C
_ANSELAbits                       (abs)        0018C
_ANSELBbits                       (abs)        0018D
_CheckDisconnect                  text19       00C1A
_DecodeGPS                        text2        00137
_GIE                              (abs)        0005F
_GoToSleep                        text31       00C3A
_Hibernate                        text30       00CE2
_INTCONbits                       (abs)        0000B
_IOCAF                            (abs)        00393
_IOCAFbits                        (abs)        00393
_IOCANbits                        (abs)        00392
_IOCAPbits                        (abs)        00391
_IOCBF                            (abs)        00396
_IOCBFbits                        (abs)        00396
_IOCBNbits                        (abs)        00395
_IOCBPbits                        (abs)        00394
_InitADC                          text29       007E7
_InitCLK                          text28       00BC8
_InitGPIO                         text27       00D1C
_InitSPI                          text17       00C4C
_InitTimer0                       text26       00BE4
_InitTimer1                       text25       00BFC
_InitUART                         text24       00C0B
_InitWatchdog                     text23       00BC1
_LATBbits                         (abs)        0010D
_LATC2                            (abs)        00872
_LATCbits                         (abs)        0010E
_OERR                             (abs)        00CE9
_OSCCONbits                       (abs)        00099
_PEIE                             (abs)        0005E
_PIE1bits                         (abs)        00091
_PIR1bits                         (abs)        00011
_PORTAbits                        (abs)        0000C
_PORTBbits                        (abs)        0000D
_PORTCbits                        (abs)        0000E
_PS0                              (abs)        004A8
_PS1                              (abs)        004A9
_PS2                              (abs)        004AA
_PSA                              (abs)        004AB
_RCIE                             (abs)        0048D
_RCREG                            (abs)        00199
_RCSTAbits                        (abs)        0019D
_ReadBuffer                       text18       00CB0
_ReadSPI                          text22       00BF0
_ReadStatusSPI                    text20       00C29
_RecordMode                       text14       00395
_SPBRGH                           (abs)        0019C
_SPBRGL                           (abs)        0019B
_SSPBUF                           (abs)        00211
_SSPCON1bits                      (abs)        00215
_SSPSTATbits                      (abs)        00214
_SendGPSSPI                       text15       00F14
_SetupGPS                         text7        0076D
_T1CONbits                        (abs)        00018
_T1GCONbits                       (abs)        00019
_TMR0                             (abs)        00015
_TMR0CS                           (abs)        004AD
_TMR0IE                           (abs)        0005D
_TMR0IF                           (abs)        0005A
_TMR1H                            (abs)        00017
_TMR1IE                           (abs)        00488
_TMR1IF                           (abs)        00088
_TMR1L                            (abs)        00016
_TMR1ON                           (abs)        000C0
_TRISAbits                        (abs)        0008C
_TRISBbits                        (abs)        0008D
_TRISCbits                        (abs)        0008E
_TXREG                            (abs)        0019A
_TXSTAbits                        (abs)        0019E
_ToggleSleepGPS                   text6        00D49
_UpdateGPS                        text1        00E1E
_WDTCONbits                       (abs)        00097
_WriteBuffer                      text33       00C99
_WriteOverheadSPI                 text16       00EB4
_WriteSPI                         text21       00C70
__CFG_BOREN$OFF                   (abs)        00000
__CFG_CLKOUTEN$OFF                (abs)        00000
__CFG_FOSC$INTOSC                 (abs)        00000
__CFG_LVP$ON                      (abs)        00000
__CFG_MCLRE$ON                    (abs)        00000
__CFG_PLLEN$OFF                   (abs)        00000
__CFG_WDTE$SWDTEN                 (abs)        00000
__Habs1                           abs1         00000
__Hbank0                          bank0        00000
__Hbank1                          bank1        00000
__Hbank10                         bank10       00000
__Hbank11                         bank11       00000
__Hbank12                         bank12       00000
__Hbank13                         bank13       00000
__Hbank14                         bank14       00000
__Hbank15                         bank15       00000
__Hbank16                         bank16       00000
__Hbank17                         bank17       00000
__Hbank18                         bank18       00000
__Hbank19                         bank19       00000
__Hbank2                          bank2        00000
__Hbank20                         bank20       00000
__Hbank21                         bank21       00000
__Hbank22                         bank22       00000
__Hbank23                         bank23       00000
__Hbank24                         bank24       00000
__Hbank25                         bank25       00000
__Hbank26                         bank26       00000
__Hbank27                         bank27       00000
__Hbank28                         bank28       00000
__Hbank29                         bank29       00000
__Hbank3                          bank3        00000
__Hbank30                         bank30       00000
__Hbank31                         bank31       00000
__Hbank4                          bank4        00000
__Hbank5                          bank5        00000
__Hbank6                          bank6        00000
__Hbank7                          bank7        00000
__Hbank8                          bank8        00000
__Hbank9                          bank9        00000
__Hbigram                         bigram       00000
__HbssBANK0                       bssBANK0     00000
__HbssBANK1                       bssBANK1     00000
__HbssBANK2                       bssBANK2     00000
__HbssBANK3                       bssBANK3     00000
__HbssBANK4                       bssBANK4     00000
__HbssCOMMON                      bssCOMMON    00000
__Hcinit                          cinit        00137
__Hclrtext                        clrtext      00000
__Hcode                           code         00000
__Hcommon                         common       00000
__Hconfig                         config       08009
__HcstackBANK0                    cstackBANK0  00000
__HcstackBANK1                    cstackBANK1  00000
__HcstackCOMMON                   cstackCOMMON 00000
__HdataBANK0                      dataBANK0    00000
__HdataBANK1                      dataBANK1    00000
__HdataBANK2                      dataBANK2    00000
__HdataBANK3                      dataBANK3    00000
__Heeprom_data                    eeprom_data  00000
__Hend_init                       end_init     000DA
__Hfunctab                        functab      00000
__HidataBANK0                     idataBANK0   00000
__HidataBANK1                     idataBANK1   00000
__HidataBANK2                     idataBANK2   00000
__HidataBANK3                     idataBANK3   00000
__Hidloc                          idloc        00000
__Hinit                           init         000D8
__Hinittext                       inittext     00000
__Hintentry                       intentry     000D8
__Hmaintext                       maintext     00000
__Hpowerup                        powerup      00000
__Hram                            ram          00000
__Hreset_vec                      reset_vec    00002
__Hsfr0                           sfr0         00000
__Hsfr1                           sfr1         00000
__Hsfr10                          sfr10        00000
__Hsfr11                          sfr11        00000
__Hsfr12                          sfr12        00000
__Hsfr13                          sfr13        00000
__Hsfr14                          sfr14        00000
__Hsfr15                          sfr15        00000
__Hsfr16                          sfr16        00000
__Hsfr17                          sfr17        00000
__Hsfr18                          sfr18        00000
__Hsfr19                          sfr19        00000
__Hsfr2                           sfr2         00000
__Hsfr20                          sfr20        00000
__Hsfr21                          sfr21        00000
__Hsfr22                          sfr22        00000
__Hsfr23                          sfr23        00000
__Hsfr24                          sfr24        00000
__Hsfr25                          sfr25        00000
__Hsfr26                          sfr26        00000
__Hsfr27                          sfr27        00000
__Hsfr28                          sfr28        00000
__Hsfr29                          sfr29        00000
__Hsfr3                           sfr3         00000
__Hsfr30                          sfr30        00000
__Hsfr31                          sfr31        00000
__Hsfr4                           sfr4         00000
__Hsfr5                           sfr5         00000
__Hsfr6                           sfr6         00000
__Hsfr7                           sfr7         00000
__Hsfr8                           sfr8         00000
__Hsfr9                           sfr9         00000
__Hspace_0                        (abs)        08009
__Hspace_1                        (abs)        00268
__Hspace_2                        (abs)        00000
__Hspace_3                        (abs)        00000
__Hstack                          stack        00000
__Hstrings                        strings      00000
__Hstringtext                     stringtext   00000
__Htext                           text         00000
__Labs1                           abs1         00000
__Lbank0                          bank0        00000
__Lbank1                          bank1        00000
__Lbank10                         bank10       00000
__Lbank11                         bank11       00000
__Lbank12                         bank12       00000
__Lbank13                         bank13       00000
__Lbank14                         bank14       00000
__Lbank15                         bank15       00000
__Lbank16                         bank16       00000
__Lbank17                         bank17       00000
__Lbank18                         bank18       00000
__Lbank19                         bank19       00000
__Lbank2                          bank2        00000
__Lbank20                         bank20       00000
__Lbank21                         bank21       00000
__Lbank22                         bank22       00000
__Lbank23                         bank23       00000
__Lbank24                         bank24       00000
__Lbank25                         bank25       00000
__Lbank26                         bank26       00000
__Lbank27                         bank27       00000
__Lbank28                         bank28       00000
__Lbank29                         bank29       00000
__Lbank3                          bank3        00000
__Lbank30                         bank30       00000
__Lbank31                         bank31       00000
__Lbank4                          bank4        00000
__Lbank5                          bank5        00000
__Lbank6                          bank6        00000
__Lbank7                          bank7        00000
__Lbank8                          bank8        00000
__Lbank9                          bank9        00000
__Lbigram                         bigram       00000
__LbssBANK0                       bssBANK0     00000
__LbssBANK1                       bssBANK1     00000
__LbssBANK2                       bssBANK2     00000
__LbssBANK3                       bssBANK3     00000
__LbssBANK4                       bssBANK4     00000
__LbssCOMMON                      bssCOMMON    00000
__Lcinit                          cinit        000DA
__Lclrtext                        clrtext      00000
__Lcode                           code         00000
__Lcommon                         common       00000
__Lconfig                         config       08007
__LcstackBANK0                    cstackBANK0  00000
__LcstackBANK1                    cstackBANK1  00000
__LcstackCOMMON                   cstackCOMMON 00000
__LdataBANK0                      dataBANK0    00000
__LdataBANK1                      dataBANK1    00000
__LdataBANK2                      dataBANK2    00000
__LdataBANK3                      dataBANK3    00000
__Leeprom_data                    eeprom_data  00000
__Lend_init                       end_init     000D8
__Lfunctab                        functab      00000
__LidataBANK0                     idataBANK0   00000
__LidataBANK1                     idataBANK1   00000
__LidataBANK2                     idataBANK2   00000
__LidataBANK3                     idataBANK3   00000
__Lidloc                          idloc        00000
__Linit                           init         000D8
__Linittext                       inittext     00000
__Lintentry                       intentry     00004
__Lmaintext                       maintext     00000
__Lpowerup                        powerup      00000
__Lram                            ram          00000
__Lreset_vec                      reset_vec    00000
__Lsfr0                           sfr0         00000
__Lsfr1                           sfr1         00000
__Lsfr10                          sfr10        00000
__Lsfr11                          sfr11        00000
__Lsfr12                          sfr12        00000
__Lsfr13                          sfr13        00000
__Lsfr14                          sfr14        00000
__Lsfr15                          sfr15        00000
__Lsfr16                          sfr16        00000
__Lsfr17                          sfr17        00000
__Lsfr18                          sfr18        00000
__Lsfr19                          sfr19        00000
__Lsfr2                           sfr2         00000
__Lsfr20                          sfr20        00000
__Lsfr21                          sfr21        00000
__Lsfr22                          sfr22        00000
__Lsfr23                          sfr23        00000
__Lsfr24                          sfr24        00000
__Lsfr25                          sfr25        00000
__Lsfr26                          sfr26        00000
__Lsfr27                          sfr27        00000
__Lsfr28                          sfr28        00000
__Lsfr29                          sfr29        00000
__Lsfr3                           sfr3         00000
__Lsfr30                          sfr30        00000
__Lsfr31                          sfr31        00000
__Lsfr4                           sfr4         00000
__Lsfr5                           sfr5         00000
__Lsfr6                           sfr6         00000
__Lsfr7                           sfr7         00000
__Lsfr8                           sfr8         00000
__Lsfr9                           sfr9         00000
__Lspace_0                        (abs)        00000
__Lspace_1                        (abs)        00000
__Lspace_2                        (abs)        00000
__Lspace_3                        (abs)        00000
__Lstack                          stack        00000
__Lstrings                        strings      00000
__Lstringtext                     stringtext   00000
__Ltext                           text         00000
__S0                              (abs)        08009
__S1                              (abs)        00268
__S2                              (abs)        00000
__S3                              (abs)        00000
___awdiv                          text5        00E60
___awdiv@counter                  cstackBANK0  0002B
___awdiv@dividend                 cstackBANK0  00028
___awdiv@divisor                  cstackBANK0  00026
___awdiv@quotient                 cstackBANK0  0002D
___awdiv@sign                     cstackBANK0  0002C
___bmul                           text4        00C5E
___bmul@multiplicand              cstackBANK0  00020
___bmul@multiplier                cstackBANK0  00023
___bmul@product                   cstackBANK0  00022
___int_sp                         stack        00000
___latbits                        (abs)        00001
___lwdiv                          text13       00DA5
___lwdiv@counter                  cstackBANK0  00027
___lwdiv@dividend                 cstackBANK0  00022
___lwdiv@divisor                  cstackBANK0  00020
___lwdiv@quotient                 cstackBANK0  00025
___lwmod                          text12       00D76
___lwmod@counter                  cstackBANK0  0002D
___lwmod@dividend                 cstackBANK0  0002A
___lwmod@divisor                  cstackBANK0  00028
___sp                             stack        00000
___wmul                           text3        00CFE
___wmul@multiplicand              cstackBANK0  00022
___wmul@multiplier                cstackBANK0  00020
___wmul@product                   cstackBANK0  00024
__end_of_CheckDisconnect          text19       00C29
__end_of_DecodeGPS                text2        00395
__end_of_GoToSleep                text31       00C4C
__end_of_Hibernate                text30       00CFE
__end_of_InitADC                  text29       00800
__end_of_InitCLK                  text28       00BD0
__end_of_InitGPIO                 text27       00D49
__end_of_InitSPI                  text17       00C5E
__end_of_InitTimer0               text26       00BF0
__end_of_InitTimer1               text25       00C0B
__end_of_InitUART                 text24       00C1A
__end_of_InitWatchdog             text23       00BC8
__end_of_ReadBuffer               text18       00CC8
__end_of_ReadSPI                  text22       00BFC
__end_of_ReadStatusSPI            text20       00C3A
__end_of_RecordMode               text14       00530
__end_of_SendGPSSPI               text15       00F8A
__end_of_SetupGPS                 text7        007E7
__end_of_ToggleSleepGPS           text6        00D76
__end_of_UpdateGPS                text1        00E60
__end_of_WriteBuffer              text33       00CB0
__end_of_WriteOverheadSPI         text16       00F14
__end_of_WriteSPI                 text21       00C83
__end_of___awdiv                  text5        00EB4
__end_of___bmul                   text4        00C70
__end_of___lwdiv                  text13       00DDC
__end_of___lwmod                  text12       00DA5
__end_of___wmul                   text3        00D1C
__end_of__initialization          cinit        00133
__end_of__stringdata              stringtext   00824
__end_of_compute_checksum         text10       00E1E
__end_of_dpowers                  stringtext   0080A
__end_of_isr                      intentry     000D8
__end_of_main                     maintext     00667
__end_of_sprintf                  text11       0076D
__end_of_uart_write_message       text8        01000
__end_of_uart_xmit                text9        00BDA
__initialization                  cinit        000DA
__pbssBANK0                       bssBANK0     00065
__pbssBANK1                       bssBANK1     000E8
__pbssBANK2                       bssBANK2     00120
__pbssBANK3                       bssBANK3     001A0
__pbssBANK4                       bssBANK4     00220
__pbssCOMMON                      bssCOMMON    00079
__pcstackBANK0                    cstackBANK0  00020
__pcstackBANK1                    cstackBANK1  000A0
__pcstackCOMMON                   cstackCOMMON 00070
__pdataBANK0                      dataBANK0    0006B
__pdataBANK1                      dataBANK1    000DE
__pdataBANK2                      dataBANK2    00156
__pdataBANK3                      dataBANK3    001D3
__pidataBANK0                     idataBANK0   00BB2
__pidataBANK1                     idataBANK1   00BDA
__pidataBANK2                     idataBANK2   00CC8
__pidataBANK3                     idataBANK3   00C83
__pintentry                       intentry     00004
__pmaintext                       maintext     00530
__pstringtext                     stringtext   00800
__ptext1                          text1        00E1E
__ptext10                         text10       00DDC
__ptext11                         text11       00667
__ptext12                         text12       00D76
__ptext13                         text13       00DA5
__ptext14                         text14       00395
__ptext15                         text15       00F14
__ptext16                         text16       00EB4
__ptext17                         text17       00C4C
__ptext18                         text18       00CB0
__ptext19                         text19       00C1A
__ptext2                          text2        00137
__ptext20                         text20       00C29
__ptext21                         text21       00C70
__ptext22                         text22       00BF0
__ptext23                         text23       00BC1
__ptext24                         text24       00C0B
__ptext25                         text25       00BFC
__ptext26                         text26       00BE4
__ptext27                         text27       00D1C
__ptext28                         text28       00BC8
__ptext29                         text29       007E7
__ptext3                          text3        00CFE
__ptext30                         text30       00CE2
__ptext31                         text31       00C3A
__ptext33                         text33       00C99
__ptext4                          text4        00C5E
__ptext5                          text5        00E60
__ptext6                          text6        00D49
__ptext7                          text7        0076D
__ptext8                          text8        00F8A
__ptext9                          text9        00BD0
__size_of_CheckDisconnect         (abs)        00000
__size_of_DecodeGPS               (abs)        00000
__size_of_GoToSleep               (abs)        00000
__size_of_Hibernate               (abs)        00000
__size_of_InitADC                 (abs)        00000
__size_of_InitCLK                 (abs)        00000
__size_of_InitGPIO                (abs)        00000
__size_of_InitSPI                 (abs)        00000
__size_of_InitTimer0              (abs)        00000
__size_of_InitTimer1              (abs)        00000
__size_of_InitUART                (abs)        00000
__size_of_InitWatchdog            (abs)        00000
__size_of_ReadBuffer              (abs)        00000
__size_of_ReadSPI                 (abs)        00000
__size_of_ReadStatusSPI           (abs)        00000
__size_of_RecordMode              (abs)        00000
__size_of_SendGPSSPI              (abs)        00000
__size_of_SetupGPS                (abs)        00000
__size_of_ToggleSleepGPS          (abs)        00000
__size_of_UpdateGPS               (abs)        00000
__size_of_WriteBuffer             (abs)        00000
__size_of_WriteOverheadSPI        (abs)        00000
__size_of_WriteSPI                (abs)        00000
__size_of___awdiv                 (abs)        00000
__size_of___bmul                  (abs)        00000
__size_of___lwdiv                 (abs)        00000
__size_of___lwmod                 (abs)        00000
__size_of___wmul                  (abs)        00000
__size_of_compute_checksum        (abs)        00000
__size_of_isr                     (abs)        00000
__size_of_main                    (abs)        00000
__size_of_sprintf                 (abs)        00000
__size_of_uart_write_message      (abs)        00000
__size_of_uart_xmit               (abs)        00000
__stringdata                      stringtext   0080A
_buffer                           bssBANK3     001A0
_compute_checksum                 text10       00DDC
_dpowers                          stringtext   00800
_eeprom_timeoutFlag               bssBANK0     00065
_end                              bssCOMMON    00079
_gpsIndex                         bssCOMMON    0007D
_gpsInvalidFlag                   dataBANK0    0006B
_gpsMessage                       bssBANK2     00124
_gpsTimeoutState                  bssBANK0     00066
_hasValidGPSFlag                  bssBANK0     00067
_isr                              intentry     00004
_isr$541                          cstackCOMMON 00077
_main                             maintext     00530
_messageDoneFlag                  bssBANK0     00068
_preRecordingAddresses            bssBANK4     00220
_recordEndAdress                  bssBANK2     00120
_recordFlag                       bssBANK0     00069
_sprintf                          text11       00667
_start                            bssCOMMON    0007B
_strobeFlag                       bssBANK0     0006A
_uart_write_message               text8        00F8A
_uart_write_message$1397          cstackBANK0  0002D
_uart_write_message$1398          cstackBANK0  0002F
_uart_xmit                        text9        00BD0
_validEastWest                    dataBANK0    0006C
_validLatitude                    dataBANK1    000E2
_validLongitude                   dataBANK1    000E5
_validNorthSouth                  dataBANK0    0006D
btemp                             (abs)        0007E
clear_ram0                        clrtext      00BBB
compute_checksum@checksum         cstackBANK0  00024
compute_checksum@data             cstackBANK0  00025
compute_checksum@size             cstackBANK0  00020
compute_checksum@x                cstackBANK0  00026
end_of_initialization             cinit        00133
init_ram                          inittext     00BB5
intlevel0                         functab      00000
intlevel1                         functab      00000
intlevel2                         functab      00000
intlevel3                         functab      00000
intlevel4                         functab      00000
intlevel5                         functab      00000
ltemp                             (abs)        0007E
ltemp0                            (abs)        0007E
ltemp1                            (abs)        00082
ltemp2                            (abs)        00086
ltemp3                            (abs)        00080
main@periodicCounter              cstackBANK0  00064
pic14e$flags                      (abs)        0007E
reset_vec                         reset_vec    00000
sprintf@_val                      cstackBANK0  0003C
sprintf@ap                        cstackBANK0  0003A
sprintf@c                         cstackBANK0  00040
sprintf@f                         cstackBANK0  0002E
sprintf@flag                      cstackBANK0  00038
sprintf@prec                      cstackBANK0  00039
sprintf@sp                        cstackBANK0  0003B
stackhi                           (abs)        021EF
stacklo                           (abs)        02188
start                             init         000D8
start_initialization              cinit        000DA
ttemp                             (abs)        0007E
ttemp0                            (abs)        0007E
ttemp1                            (abs)        00081
ttemp2                            (abs)        00084
ttemp3                            (abs)        00087
ttemp4                            (abs)        0007F
uart_write_message@ascii_checksum cstackBANK0  00035
uart_write_message@checksum       cstackBANK0  00033
uart_write_message@data           cstackBANK0  00034
uart_write_message@size           cstackBANK0  00028
uart_write_message@x              cstackBANK0  00031
uart_xmit@mydata_byte             cstackBANK0  00020
wtemp                             (abs)        0007E
wtemp0                            (abs)        0007E
wtemp1                            (abs)        00080
wtemp2                            (abs)        00082
wtemp3                            (abs)        00084
wtemp4                            (abs)        00086
wtemp5                            (abs)        00088
wtemp6                            (abs)        0007F


FUNCTION INFORMATION:

 *************** function _main *****************
 Defined at:
		line 20 in file "launcher_main.c"
 Parameters:    Size  Location     Type
  argc            2   61[BANK0 ] int 
  argv            2   63[BANK0 ] PTR PTR unsigned char 
 Auto vars:     Size  Location     Type
  periodicCoun    1   68[BANK0 ] unsigned char 
 Return value:  Size  Location     Type
                  2   61[BANK0 ] int 
 Registers used:
		wreg, fsr0l, fsr0h, fsr1l, fsr1h, status,2, status,0, pclath, cstack
 Tracked objects:
		On entry : 
		On exit  : 
		Unchanged: 
 Data sizes:     COMMON   BANK0   BANK1   BANK2   BANK3   BANK4   BANK5   BANK6
      Params:         0       4       0       0       0       0       0       0
      Locals:         0       1       0       0       0       0       0       0
      Temps:          0       3       0       0       0       0       0       0
      Totals:         0       8       0       0       0       0       0       0
Total ram usage:        8 bytes
 Hardware stack levels required when called:    7
 This function calls:
		_GoToSleep
		_Hibernate
		_InitADC
		_InitCLK
		_InitGPIO
		_InitTimer0
		_InitTimer1
		_InitUART
		_InitWatchdog
		_RecordMode
		_SetupGPS
		_ToggleSleepGPS
		_UpdateGPS
 This function is called by:
		Startup code after reset
 This function uses a non-reentrant model


 *************** function _UpdateGPS *****************
 Defined at:
		line 380 in file "launcher_functions.c"
 Parameters:    Size  Location     Type
		None
 Auto vars:     Size  Location     Type
  GPSupdateMes   22   37[BANK0 ] unsigned char [22]
  timeoutCount    2   59[BANK0 ] unsigned int 
 Return value:  Size  Location     Type
		None               void
 Registers used:
		wreg, fsr0l, fsr0h, fsr1l, fsr1h, status,2, status,0, pclath, cstack
 Tracked objects:
		On entry : 
		On exit  : 
		Unchanged: 
 Data sizes:     COMMON   BANK0   BANK1   BANK2   BANK3   BANK4   BANK5   BANK6
      Params:         0       0       0       0       0       0       0       0
      Locals:         0      24       0       0       0       0       0       0
      Temps:          0       1       0       0       0       0       0       0
      Totals:         0      25       0       0       0       0       0       0
Total ram usage:       25 bytes
 Hardware stack levels used:    1
 Hardware stack levels required when called:    4
 This function calls:
		_DecodeGPS
		_uart_write_message
 This function is called by:
		_main
 This function uses a non-reentrant model


 *************** function _DecodeGPS *****************
 Defined at:
		line 421 in file "launcher_functions.c"
 Parameters:    Size  Location     Type
		None
 Auto vars:     Size  Location     Type
  messageID       7   18[BANK0 ] unsigned char [7]
  longitude       3   31[BANK0 ] unsigned char [3]
  latitude        3   28[BANK0 ] unsigned char [3]
  x               2   34[BANK0 ] int 
  status          1   27[BANK0 ] unsigned char 
  eastWest        1   26[BANK0 ] unsigned char 
  northSouth      1   25[BANK0 ] unsigned char 
 Return value:  Size  Location     Type
		None               void
 Registers used:
		wreg, fsr0l, fsr0h, fsr1l, fsr1h, status,2, status,0, pclath, cstack
 Tracked objects:
		On entry : 
		On exit  : 
		Unchanged: 
 Data sizes:     COMMON   BANK0   BANK1   BANK2   BANK3   BANK4   BANK5   BANK6
      Params:         0       0       0       0       0       0       0       0
      Locals:         0      18       0       0       0       0       0       0
      Temps:          0       3       0       0       0       0       0       0
      Totals:         0      21       0       0       0       0       0       0
Total ram usage:       21 bytes
 Hardware stack levels used:    1
 Hardware stack levels required when called:    3
 This function calls:
		___awdiv
		___bmul
		___wmul
 This function is called by:
		_UpdateGPS
 This function uses a non-reentrant model


 *************** function ___wmul *****************
 Defined at:
		line 15 in file "C:\Program Files (x86)\Microchip\xc8\v1.33\sources\common\Umul16.c"
 Parameters:    Size  Location     Type
  multiplier      2    0[BANK0 ] unsigned int 
  multiplicand    2    2[BANK0 ] unsigned int 
 Auto vars:     Size  Location     Type
  product         2    4[BANK0 ] unsigned int 
 Return value:  Size  Location     Type
                  2    0[BANK0 ] unsigned int 
 Registers used:
		wreg, status,2, status,0
 Tracked objects:
		On entry : 
		On exit  : 
		Unchanged: 
 Data sizes:     COMMON   BANK0   BANK1   BANK2   BANK3   BANK4   BANK5   BANK6
      Params:         0       4       0       0       0       0       0       0
      Locals:         0       2       0       0       0       0       0       0
      Temps:          0       0       0       0       0       0       0       0
      Totals:         0       6       0       0       0       0       0       0
Total ram usage:        6 bytes
 Hardware stack levels used:    1
 Hardware stack levels required when called:    2
 This function calls:
		Nothing
 This function is called by:
		_DecodeGPS
 This function uses a non-reentrant model


 *************** function ___bmul *****************
 Defined at:
		line 4 in file "C:\Program Files (x86)\Microchip\xc8\v1.33\sources\common\Umul8.c"
 Parameters:    Size  Location     Type
  multiplier      1    wreg     unsigned char 
  multiplicand    1    0[BANK0 ] unsigned char 
 Auto vars:     Size  Location     Type
  multiplier      1    3[BANK0 ] unsigned char 
  product         1    2[BANK0 ] unsigned char 
 Return value:  Size  Location     Type
                  1    wreg      unsigned char 
 Registers used:
		wreg, status,2, status,0
 Tracked objects:
		On entry : 
		On exit  : 
		Unchanged: 
 Data sizes:     COMMON   BANK0   BANK1   BANK2   BANK3   BANK4   BANK5   BANK6
      Params:         0       1       0       0       0       0       0       0
      Locals:         0       2       0       0       0       0       0       0
      Temps:          0       1       0       0       0       0       0       0
      Totals:         0       4       0       0       0       0       0       0
Total ram usage:        4 bytes
 Hardware stack levels used:    1
 Hardware stack levels required when called:    2
 This function calls:
		Nothing
 This function is called by:
		_DecodeGPS
 This function uses a non-reentrant model


 *************** function ___awdiv *****************
 Defined at:
		line 6 in file "C:\Program Files (x86)\Microchip\xc8\v1.33\sources\common\awdiv.c"
 Parameters:    Size  Location     Type
  divisor         2    6[BANK0 ] int 
  dividend        2    8[BANK0 ] int 
 Auto vars:     Size  Location     Type
  quotient        2   13[BANK0 ] int 
  sign            1   12[BANK0 ] unsigned char 
  counter         1   11[BANK0 ] unsigned char 
 Return value:  Size  Location     Type
                  2    6[BANK0 ] int 
 Registers used:
		wreg, status,2, status,0
 Tracked objects:
		On entry : 
		On exit  : 
		Unchanged: 
 Data sizes:     COMMON   BANK0   BANK1   BANK2   BANK3   BANK4   BANK5   BANK6
      Params:         0       4       0       0       0       0       0       0
      Locals:         0       4       0       0       0       0       0       0
      Temps:          0       1       0       0       0       0       0       0
      Totals:         0       9       0       0       0       0       0       0
Total ram usage:        9 bytes
 Hardware stack levels used:    1
 Hardware stack levels required when called:    2
 This function calls:
		Nothing
 This function is called by:
		_DecodeGPS
 This function uses a non-reentrant model


 *************** function _ToggleSleepGPS *****************
 Defined at:
		line 335 in file "launcher_functions.c"
 Parameters:    Size  Location     Type
		None
 Auto vars:     Size  Location     Type
		None
 Return value:  Size  Location     Type
		None               void
 Registers used:
		wreg
 Tracked objects:
		On entry : 
		On exit  : 
		Unchanged: 
 Data sizes:     COMMON   BANK0   BANK1   BANK2   BANK3   BANK4   BANK5   BANK6
      Params:         0       0       0       0       0       0       0       0
      Locals:         0       0       0       0       0       0       0       0
      Temps:          0       3       0       0       0       0       0       0
      Totals:         0       3       0       0       0       0       0       0
Total ram usage:        3 bytes
 Hardware stack levels used:    1
 Hardware stack levels required when called:    2
 This function calls:
		Nothing
 This function is called by:
		_main
 This function uses a non-reentrant model


 *************** function _SetupGPS *****************
 Defined at:
		line 353 in file "launcher_functions.c"
 Parameters:    Size  Location     Type
		None
 Auto vars:     Size  Location     Type
  message        50    0[BANK1 ] unsigned char [50]
  startSequenc    6   50[BANK1 ] unsigned char [6]
  MID             4   56[BANK1 ] unsigned char [4]
  x               2   60[BANK1 ] int 
 Return value:  Size  Location     Type
		None               void
 Registers used:
		wreg, fsr0l, fsr0h, fsr1l, fsr1h, status,2, status,0, pclath, cstack
 Tracked objects:
		On entry : 
		On exit  : 
		Unchanged: 
 Data sizes:     COMMON   BANK0   BANK1   BANK2   BANK3   BANK4   BANK5   BANK6
      Params:         0       0       0       0       0       0       0       0
      Locals:         0       0      62       0       0       0       0       0
      Temps:          0       3       0       0       0       0       0       0
      Totals:         0       3      62       0       0       0       0       0
Total ram usage:       65 bytes
 Hardware stack levels used:    1
 Hardware stack levels required when called:    4
 This function calls:
		_sprintf
		_uart_write_message
 This function is called by:
		_main
 This function uses a non-reentrant model


 *************** function _uart_write_message *****************
 Defined at:
		line 308 in file "launcher_functions.c"
 Parameters:    Size  Location     Type
  data            1    wreg     PTR unsigned char 
		 -> UpdateGPS@GPSupdateMessage(22), SetupGPS@message(50), DisableGPS@init_117(13), 
  size            2    8[BANK0 ] int 
 Auto vars:     Size  Location     Type
  data            1   20[BANK0 ] PTR unsigned char 
		 -> UpdateGPS@GPSupdateMessage(22), SetupGPS@message(50), DisableGPS@init_117(13), 
  ascii_checks    2   21[BANK0 ] unsigned char [2]
  x               2   17[BANK0 ] int 
  checksum        1   19[BANK0 ] unsigned char 
 Return value:  Size  Location     Type
		None               void
 Registers used:
		wreg, fsr1l, fsr1h, status,2, status,0, pclath, cstack
 Tracked objects:
		On entry : 
		On exit  : 
		Unchanged: 
 Data sizes:     COMMON   BANK0   BANK1   BANK2   BANK3   BANK4   BANK5   BANK6
      Params:         0       2       0       0       0       0       0       0
      Locals:         0      10       0       0       0       0       0       0
      Temps:          0       3       0       0       0       0       0       0
      Totals:         0      15       0       0       0       0       0       0
Total ram usage:       15 bytes
 Hardware stack levels used:    1
 Hardware stack levels required when called:    3
 This function calls:
		_compute_checksum
		_uart_xmit
 This function is called by:
		_SetupGPS
		_UpdateGPS
		_DisableGPS
 This function uses a non-reentrant model


 *************** function _uart_xmit *****************
 Defined at:
		line 300 in file "launcher_functions.c"
 Parameters:    Size  Location     Type
  mydata_byte     1    wreg     unsigned char 
 Auto vars:     Size  Location     Type
  mydata_byte     1    0[BANK0 ] unsigned char 
 Return value:  Size  Location     Type
		None               void
 Registers used:
		wreg
 Tracked objects:
		On entry : 
		On exit  : 
		Unchanged: 
 Data sizes:     COMMON   BANK0   BANK1   BANK2   BANK3   BANK4   BANK5   BANK6
      Params:         0       0       0       0       0       0       0       0
      Locals:         0       1       0       0       0       0       0       0
      Temps:          0       0       0       0       0       0       0       0
      Totals:         0       1       0       0       0       0       0       0
Total ram usage:        1 bytes
 Hardware stack levels used:    1
 Hardware stack levels required when called:    2
 This function calls:
		Nothing
 This function is called by:
		_uart_write_message
 This function uses a non-reentrant model


 *************** function _compute_checksum *****************
 Defined at:
		line 288 in file "launcher_functions.c"
 Parameters:    Size  Location     Type
  data            1    wreg     PTR unsigned char 
		 -> UpdateGPS@GPSupdateMessage(22), SetupGPS@message(50), DisableGPS@init_117(13), 
  size            2    0[BANK0 ] int 
 Auto vars:     Size  Location     Type
  data            1    5[BANK0 ] PTR unsigned char 
		 -> UpdateGPS@GPSupdateMessage(22), SetupGPS@message(50), DisableGPS@init_117(13), 
  x               2    6[BANK0 ] int 
  checksum        1    4[BANK0 ] unsigned char 
 Return value:  Size  Location     Type
                  1    wreg      unsigned char 
 Registers used:
		wreg, fsr1l, fsr1h, status,2, status,0
 Tracked objects:
		On entry : 
		On exit  : 
		Unchanged: 
 Data sizes:     COMMON   BANK0   BANK1   BANK2   BANK3   BANK4   BANK5   BANK6
      Params:         0       2       0       0       0       0       0       0
      Locals:         0       4       0       0       0       0       0       0
      Temps:          0       2       0       0       0       0       0       0
      Totals:         0       8       0       0       0       0       0       0
Total ram usage:        8 bytes
 Hardware stack levels used:    1
 Hardware stack levels required when called:    2
 This function calls:
		Nothing
 This function is called by:
		_uart_write_message
 This function uses a non-reentrant model


 *************** function _sprintf *****************
 Defined at:
		line 492 in file "C:\Program Files (x86)\Microchip\xc8\v1.33\sources\common\doprnt.c"
 Parameters:    Size  Location     Type
  sp              1    wreg     PTR unsigned char 
		 -> SetupGPS@message(50), 
  f               2   14[BANK0 ] PTR const unsigned char 
		 -> STR_1(19), 
 Auto vars:     Size  Location     Type
  sp              1   27[BANK0 ] PTR unsigned char 
		 -> SetupGPS@message(50), 
  _val            4   28[BANK0 ] struct .
  c               1   32[BANK0 ] char 
  ap              1   26[BANK0 ] PTR void [1]
		 -> ?_sprintf(2), 
  prec            1   25[BANK0 ] char 
  flag            1   24[BANK0 ] unsigned char 
 Return value:  Size  Location     Type
                  2   14[BANK0 ] int 
 Registers used:
		wreg, fsr0l, fsr0h, fsr1l, fsr1h, status,2, status,0, pclath, cstack
 Tracked objects:
		On entry : 
		On exit  : 
		Unchanged: 
 Data sizes:     COMMON   BANK0   BANK1   BANK2   BANK3   BANK4   BANK5   BANK6
      Params:         0       6       0       0       0       0       0       0
      Locals:         0       9       0       0       0       0       0       0
      Temps:          0       4       0       0       0       0       0       0
      Totals:         0      19       0       0       0       0       0       0
Total ram usage:       19 bytes
 Hardware stack levels used:    1
 Hardware stack levels required when called:    3
 This function calls:
		___lwdiv
		___lwmod
 This function is called by:
		_SetupGPS
 This function uses a non-reentrant model


 *************** function ___lwmod *****************
 Defined at:
		line 6 in file "C:\Program Files (x86)\Microchip\xc8\v1.33\sources\common\lwmod.c"
 Parameters:    Size  Location     Type
  divisor         2    8[BANK0 ] unsigned int 
  dividend        2   10[BANK0 ] unsigned int 
 Auto vars:     Size  Location     Type
  counter         1   13[BANK0 ] unsigned char 
 Return value:  Size  Location     Type
                  2    8[BANK0 ] unsigned int 
 Registers used:
		wreg, status,2, status,0
 Tracked objects:
		On entry : 
		On exit  : 
		Unchanged: 
 Data sizes:     COMMON   BANK0   BANK1   BANK2   BANK3   BANK4   BANK5   BANK6
      Params:         0       4       0       0       0       0       0       0
      Locals:         0       1       0       0       0       0       0       0
      Temps:          0       1       0       0       0       0       0       0
      Totals:         0       6       0       0       0       0       0       0
Total ram usage:        6 bytes
 Hardware stack levels used:    1
 Hardware stack levels required when called:    2
 This function calls:
		Nothing
 This function is called by:
		_sprintf
 This function uses a non-reentrant model


 *************** function ___lwdiv *****************
 Defined at:
		line 6 in file "C:\Program Files (x86)\Microchip\xc8\v1.33\sources\common\lwdiv.c"
 Parameters:    Size  Location     Type
  divisor         2    0[BANK0 ] unsigned int 
  dividend        2    2[BANK0 ] unsigned int 
 Auto vars:     Size  Location     Type
  quotient        2    5[BANK0 ] unsigned int 
  counter         1    7[BANK0 ] unsigned char 
 Return value:  Size  Location     Type
                  2    0[BANK0 ] unsigned int 
 Registers used:
		wreg, status,2, status,0
 Tracked objects:
		On entry : 
		On exit  : 
		Unchanged: 
 Data sizes:     COMMON   BANK0   BANK1   BANK2   BANK3   BANK4   BANK5   BANK6
      Params:         0       4       0       0       0       0       0       0
      Locals:         0       3       0       0       0       0       0       0
      Temps:          0       1       0       0       0       0       0       0
      Totals:         0       8       0       0       0       0       0       0
Total ram usage:        8 bytes
 Hardware stack levels used:    1
 Hardware stack levels required when called:    2
 This function calls:
		Nothing
 This function is called by:
		_sprintf
 This function uses a non-reentrant model


 *************** function _RecordMode *****************
 Defined at:
		line 561 in file "launcher_functions.c"
 Parameters:    Size  Location     Type
		None
 Auto vars:     Size  Location     Type
  address         4   35[BANK0 ] long 
  count           2   33[BANK0 ] int 
 Return value:  Size  Location     Type
		None               void
 Registers used:
		wreg, fsr1l, fsr1h, status,2, status,0, pclath, cstack
 Tracked objects:
		On entry : 
		On exit  : 
		Unchanged: 
 Data sizes:     COMMON   BANK0   BANK1   BANK2   BANK3   BANK4   BANK5   BANK6
      Params:         0       0       0       0       0       0       0       0
      Locals:         0       6       0       0       0       0       0       0
      Temps:          0       5       0       0       0       0       0       0
      Totals:         0      11       0       0       0       0       0       0
Total ram usage:       11 bytes
 Hardware stack levels used:    1
 Hardware stack levels required when called:    6
 This function calls:
		_CheckDisconnect
		_InitSPI
		_ReadBuffer
		_SendGPSSPI
		_WriteOverheadSPI
		_WriteSPI
 This function is called by:
		_main
 This function uses a non-reentrant model


 *************** function _SendGPSSPI *****************
 Defined at:
		line 662 in file "launcher_functions.c"
 Parameters:    Size  Location     Type
		None
 Auto vars:     Size  Location     Type
  address         4   22[BANK0 ] long 
  x               2   26[BANK0 ] int 
 Return value:  Size  Location     Type
		None               void
 Registers used:
		wreg, fsr1l, fsr1h, status,2, status,0, pclath, cstack
 Tracked objects:
		On entry : 
		On exit  : 
		Unchanged: 
 Data sizes:     COMMON   BANK0   BANK1   BANK2   BANK3   BANK4   BANK5   BANK6
      Params:         0       0       0       0       0       0       0       0
      Locals:         0       6       0       0       0       0       0       0
      Temps:          0       1       0       0       0       0       0       0
      Totals:         0       7       0       0       0       0       0       0
Total ram usage:        7 bytes
 Hardware stack levels used:    1
 Hardware stack levels required when called:    5
 This function calls:
		_InitSPI
		_WriteOverheadSPI
		_WriteSPI
 This function is called by:
		_RecordMode
 This function uses a non-reentrant model


 *************** function _WriteOverheadSPI *****************
 Defined at:
		line 182 in file "launcher_functions.c"
 Parameters:    Size  Location     Type
  address         4    7[BANK0 ] long 
 Auto vars:     Size  Location     Type
  address_byte    3   17[BANK0 ] unsigned char [3]
  StatusReg       1   20[BANK0 ] unsigned char 
 Return value:  Size  Location     Type
		None               void
 Registers used:
		wreg, status,2, status,0, pclath, cstack
 Tracked objects:
		On entry : 
		On exit  : 
		Unchanged: 
 Data sizes:     COMMON   BANK0   BANK1   BANK2   BANK3   BANK4   BANK5   BANK6
      Params:         0       4       0       0       0       0       0       0
      Locals:         0       4       0       0       0       0       0       0
      Temps:          0       6       0       0       0       0       0       0
      Totals:         0      14       0       0       0       0       0       0
Total ram usage:       14 bytes
 Hardware stack levels used:    1
 Hardware stack levels required when called:    4
 This function calls:
		_ReadStatusSPI
		_WriteSPI
 This function is called by:
		_RecordMode
		_SendGPSSPI
		_PreRecordMode
 This function uses a non-reentrant model


 *************** function _InitSPI *****************
 Defined at:
		line 122 in file "launcher_functions.c"
 Parameters:    Size  Location     Type
		None
 Auto vars:     Size  Location     Type
		None
 Return value:  Size  Location     Type
		None               void
 Registers used:
		wreg, status,2, status,0
 Tracked objects:
		On entry : 
		On exit  : 
		Unchanged: 
 Data sizes:     COMMON   BANK0   BANK1   BANK2   BANK3   BANK4   BANK5   BANK6
      Params:         0       0       0       0       0       0       0       0
      Locals:         0       0       0       0       0       0       0       0
      Temps:          0       0       0       0       0       0       0       0
      Totals:         0       0       0       0       0       0       0       0
Total ram usage:        0 bytes
 Hardware stack levels used:    1
 Hardware stack levels required when called:    2
 This function calls:
		Nothing
 This function is called by:
		_RecordMode
		_SendGPSSPI
 This function uses a non-reentrant model


 *************** function _ReadBuffer *****************
 Defined at:
		line 230 in file "launcher_functions.c"
 Parameters:    Size  Location     Type
		None
 Auto vars:     Size  Location     Type
  read_data       1    1[BANK0 ] unsigned char 
 Return value:  Size  Location     Type
                  1    wreg      unsigned char 
 Registers used:
		wreg, fsr1l, fsr1h, status,2, status,0
 Tracked objects:
		On entry : 
		On exit  : 
		Unchanged: 
 Data sizes:     COMMON   BANK0   BANK1   BANK2   BANK3   BANK4   BANK5   BANK6
      Params:         0       0       0       0       0       0       0       0
      Locals:         0       1       0       0       0       0       0       0
      Temps:          0       1       0       0       0       0       0       0
      Totals:         0       2       0       0       0       0       0       0
Total ram usage:        2 bytes
 Hardware stack levels used:    1
 Hardware stack levels required when called:    2
 This function calls:
		Nothing
 This function is called by:
		_RecordMode
		_PreRecordMode
 This function uses a non-reentrant model


 *************** function _CheckDisconnect *****************
 Defined at:
		line 706 in file "launcher_functions.c"
 Parameters:    Size  Location     Type
		None
 Auto vars:     Size  Location     Type
  status          1    8[BANK0 ] unsigned char 
 Return value:  Size  Location     Type
                  1    wreg      unsigned char 
 Registers used:
		wreg, status,2, status,0, pclath, cstack
 Tracked objects:
		On entry : 
		On exit  : 
		Unchanged: 
 Data sizes:     COMMON   BANK0   BANK1   BANK2   BANK3   BANK4   BANK5   BANK6
      Params:         0       0       0       0       0       0       0       0
      Locals:         0       1       0       0       0       0       0       0
      Temps:          0       1       0       0       0       0       0       0
      Totals:         0       2       0       0       0       0       0       0
Total ram usage:        2 bytes
 Hardware stack levels used:    1
 Hardware stack levels required when called:    4
 This function calls:
		_ReadStatusSPI
 This function is called by:
		_RecordMode
		_PreRecordMode
 This function uses a non-reentrant model


 *************** function _ReadStatusSPI *****************
 Defined at:
		line 170 in file "launcher_functions.c"
 Parameters:    Size  Location     Type
		None
 Auto vars:     Size  Location     Type
  dataRead        1    6[BANK0 ] unsigned char 
 Return value:  Size  Location     Type
                  1    wreg      unsigned char 
 Registers used:
		wreg, status,2, status,0, pclath, cstack
 Tracked objects:
		On entry : 
		On exit  : 
		Unchanged: 
 Data sizes:     COMMON   BANK0   BANK1   BANK2   BANK3   BANK4   BANK5   BANK6
      Params:         0       0       0       0       0       0       0       0
      Locals:         0       1       0       0       0       0       0       0
      Temps:          0       1       0       0       0       0       0       0
      Totals:         0       2       0       0       0       0       0       0
Total ram usage:        2 bytes
 Hardware stack levels used:    1
 Hardware stack levels required when called:    3
 This function calls:
		_ReadSPI
		_WriteSPI
 This function is called by:
		_WriteOverheadSPI
		_CheckDisconnect
		_ReadOverheadSPI
 This function uses a non-reentrant model


 *************** function _WriteSPI *****************
 Defined at:
		line 150 in file "launcher_functions.c"
 Parameters:    Size  Location     Type
  databyte        1    wreg     unsigned char 
 Auto vars:     Size  Location     Type
  databyte        1    4[BANK0 ] unsigned char 
  temp            2    2[BANK0 ] unsigned int 
 Return value:  Size  Location     Type
		None               void
 Registers used:
		wreg
 Tracked objects:
		On entry : 
		On exit  : 
		Unchanged: 
 Data sizes:     COMMON   BANK0   BANK1   BANK2   BANK3   BANK4   BANK5   BANK6
      Params:         0       0       0       0       0       0       0       0
      Locals:         0       3       0       0       0       0       0       0
      Temps:          0       2       0       0       0       0       0       0
      Totals:         0       5       0       0       0       0       0       0
Total ram usage:        5 bytes
 Hardware stack levels used:    1
 Hardware stack levels required when called:    2
 This function calls:
		Nothing
 This function is called by:
		_ReadStatusSPI
		_WriteOverheadSPI
		_RecordMode
		_SendGPSSPI
		_ReadOverheadSPI
		_PreRecordMode
 This function uses a non-reentrant model


 *************** function _ReadSPI *****************
 Defined at:
		line 159 in file "launcher_functions.c"
 Parameters:    Size  Location     Type
		None
 Auto vars:     Size  Location     Type
  dataByte        1    1[BANK0 ] unsigned char 
 Return value:  Size  Location     Type
                  1    wreg      unsigned char 
 Registers used:
		wreg, status,2
 Tracked objects:
		On entry : 
		On exit  : 
		Unchanged: 
 Data sizes:     COMMON   BANK0   BANK1   BANK2   BANK3   BANK4   BANK5   BANK6
      Params:         0       0       0       0       0       0       0       0
      Locals:         0       1       0       0       0       0       0       0
      Temps:          0       1       0       0       0       0       0       0
      Totals:         0       2       0       0       0       0       0       0
Total ram usage:        2 bytes
 Hardware stack levels used:    1
 Hardware stack levels required when called:    2
 This function calls:
		Nothing
 This function is called by:
		_ReadStatusSPI
 This function uses a non-reentrant model


 *************** function _InitWatchdog *****************
 Defined at:
		line 141 in file "launcher_functions.c"
 Parameters:    Size  Location     Type
		None
 Auto vars:     Size  Location     Type
		None
 Return value:  Size  Location     Type
		None               void
 Registers used:
		wreg, status,2, status,0
 Tracked objects:
		On entry : 
		On exit  : 
		Unchanged: 
 Data sizes:     COMMON   BANK0   BANK1   BANK2   BANK3   BANK4   BANK5   BANK6
      Params:         0       0       0       0       0       0       0       0
      Locals:         0       0       0       0       0       0       0       0
      Temps:          0       0       0       0       0       0       0       0
      Totals:         0       0       0       0       0       0       0       0
Total ram usage:        0 bytes
 Hardware stack levels used:    1
 Hardware stack levels required when called:    2
 This function calls:
		Nothing
 This function is called by:
		_main
 This function uses a non-reentrant model


 *************** function _InitUART *****************
 Defined at:
		line 270 in file "launcher_functions.c"
 Parameters:    Size  Location     Type
		None
 Auto vars:     Size  Location     Type
		None
 Return value:  Size  Location     Type
		None               void
 Registers used:
		wreg, status,2
 Tracked objects:
		On entry : 
		On exit  : 
		Unchanged: 
 Data sizes:     COMMON   BANK0   BANK1   BANK2   BANK3   BANK4   BANK5   BANK6
      Params:         0       0       0       0       0       0       0       0
      Locals:         0       0       0       0       0       0       0       0
      Temps:          0       0       0       0       0       0       0       0
      Totals:         0       0       0       0       0       0       0       0
Total ram usage:        0 bytes
 Hardware stack levels used:    1
 Hardware stack levels required when called:    2
 This function calls:
		Nothing
 This function is called by:
		_main
 This function uses a non-reentrant model


 *************** function _InitTimer1 *****************
 Defined at:
		line 110 in file "launcher_functions.c"
 Parameters:    Size  Location     Type
		None
 Auto vars:     Size  Location     Type
		None
 Return value:  Size  Location     Type
		None               void
 Registers used:
		wreg, status,2, status,0
 Tracked objects:
		On entry : 
		On exit  : 
		Unchanged: 
 Data sizes:     COMMON   BANK0   BANK1   BANK2   BANK3   BANK4   BANK5   BANK6
      Params:         0       0       0       0       0       0       0       0
      Locals:         0       0       0       0       0       0       0       0
      Temps:          0       0       0       0       0       0       0       0
      Totals:         0       0       0       0       0       0       0       0
Total ram usage:        0 bytes
 Hardware stack levels used:    1
 Hardware stack levels required when called:    2
 This function calls:
		Nothing
 This function is called by:
		_main
 This function uses a non-reentrant model


 *************** function _InitTimer0 *****************
 Defined at:
		line 96 in file "launcher_functions.c"
 Parameters:    Size  Location     Type
		None
 Auto vars:     Size  Location     Type
		None
 Return value:  Size  Location     Type
		None               void
 Registers used:
		wreg
 Tracked objects:
		On entry : 
		On exit  : 
		Unchanged: 
 Data sizes:     COMMON   BANK0   BANK1   BANK2   BANK3   BANK4   BANK5   BANK6
      Params:         0       0       0       0       0       0       0       0
      Locals:         0       0       0       0       0       0       0       0
      Temps:          0       0       0       0       0       0       0       0
      Totals:         0       0       0       0       0       0       0       0
Total ram usage:        0 bytes
 Hardware stack levels used:    1
 Hardware stack levels required when called:    2
 This function calls:
		Nothing
 This function is called by:
		_main
 This function uses a non-reentrant model


 *************** function _InitGPIO *****************
 Defined at:
		line 13 in file "launcher_functions.c"
 Parameters:    Size  Location     Type
		None
 Auto vars:     Size  Location     Type
		None
 Return value:  Size  Location     Type
		None               void
 Registers used:
		status,2
 Tracked objects:
		On entry : 
		On exit  : 
		Unchanged: 
 Data sizes:     COMMON   BANK0   BANK1   BANK2   BANK3   BANK4   BANK5   BANK6
      Params:         0       0       0       0       0       0       0       0
      Locals:         0       0       0       0       0       0       0       0
      Temps:          0       0       0       0       0       0       0       0
      Totals:         0       0       0       0       0       0       0       0
Total ram usage:        0 bytes
 Hardware stack levels used:    1
 Hardware stack levels required when called:    2
 This function calls:
		Nothing
 This function is called by:
		_main
 This function uses a non-reentrant model


 *************** function _InitCLK *****************
 Defined at:
		line 8 in file "launcher_functions.c"
 Parameters:    Size  Location     Type
		None
 Auto vars:     Size  Location     Type
		None
 Return value:  Size  Location     Type
		None               void
 Registers used:
		wreg, status,2, status,0
 Tracked objects:
		On entry : 
		On exit  : 
		Unchanged: 
 Data sizes:     COMMON   BANK0   BANK1   BANK2   BANK3   BANK4   BANK5   BANK6
      Params:         0       0       0       0       0       0       0       0
      Locals:         0       0       0       0       0       0       0       0
      Temps:          0       0       0       0       0       0       0       0
      Totals:         0       0       0       0       0       0       0       0
Total ram usage:        0 bytes
 Hardware stack levels used:    1
 Hardware stack levels required when called:    2
 This function calls:
		Nothing
 This function is called by:
		_main
 This function uses a non-reentrant model


 *************** function _InitADC *****************
 Defined at:
		line 73 in file "launcher_functions.c"
 Parameters:    Size  Location     Type
		None
 Auto vars:     Size  Location     Type
		None
 Return value:  Size  Location     Type
		None               void
 Registers used:
		wreg, status,2, status,0
 Tracked objects:
		On entry : 
		On exit  : 
		Unchanged: 
 Data sizes:     COMMON   BANK0   BANK1   BANK2   BANK3   BANK4   BANK5   BANK6
      Params:         0       0       0       0       0       0       0       0
      Locals:         0       0       0       0       0       0       0       0
      Temps:          0       0       0       0       0       0       0       0
      Totals:         0       0       0       0       0       0       0       0
Total ram usage:        0 bytes
 Hardware stack levels used:    1
 Hardware stack levels required when called:    2
 This function calls:
		Nothing
 This function is called by:
		_main
 This function uses a non-reentrant model


 *************** function _Hibernate *****************
 Defined at:
		line 549 in file "launcher_functions.c"
 Parameters:    Size  Location     Type
		None
 Auto vars:     Size  Location     Type
  count           1    1[BANK0 ] unsigned char 
 Return value:  Size  Location     Type
		None               void
 Registers used:
		wreg, status,2, status,0
 Tracked objects:
		On entry : 
		On exit  : 
		Unchanged: 
 Data sizes:     COMMON   BANK0   BANK1   BANK2   BANK3   BANK4   BANK5   BANK6
      Params:         0       0       0       0       0       0       0       0
      Locals:         0       1       0       0       0       0       0       0
      Temps:          0       1       0       0       0       0       0       0
      Totals:         0       2       0       0       0       0       0       0
Total ram usage:        2 bytes
 Hardware stack levels used:    1
 Hardware stack levels required when called:    2
 This function calls:
		Nothing
 This function is called by:
		_main
 This function uses a non-reentrant model


 *************** function _GoToSleep *****************
 Defined at:
		line 541 in file "launcher_functions.c"
 Parameters:    Size  Location     Type
  count           1    wreg     unsigned char 
 Auto vars:     Size  Location     Type
  count           1    1[BANK0 ] unsigned char 
 Return value:  Size  Location     Type
		None               void
 Registers used:
		wreg, status,2, status,0
 Tracked objects:
		On entry : 
		On exit  : 
		Unchanged: 
 Data sizes:     COMMON   BANK0   BANK1   BANK2   BANK3   BANK4   BANK5   BANK6
      Params:         0       0       0       0       0       0       0       0
      Locals:         0       1       0       0       0       0       0       0
      Temps:          0       1       0       0       0       0       0       0
      Totals:         0       2       0       0       0       0       0       0
Total ram usage:        2 bytes
 Hardware stack levels used:    1
 Hardware stack levels required when called:    2
 This function calls:
		Nothing
 This function is called by:
		_main
 This function uses a non-reentrant model


 *************** function _isr *****************
 Defined at:
		line 137 in file "launcher_main.c"
 Parameters:    Size  Location     Type
		None
 Auto vars:     Size  Location     Type
		None
 Return value:  Size  Location     Type
		None               void
 Registers used:
		wreg, fsr1l, fsr1h, status,2, status,0, pclath, cstack
 Tracked objects:
		On entry : 
		On exit  : 
		Unchanged: 
 Data sizes:     COMMON   BANK0   BANK1   BANK2   BANK3   BANK4   BANK5   BANK6
      Params:         0       0       0       0       0       0       0       0
      Locals:         2       0       0       0       0       0       0       0
      Temps:          5       0       0       0       0       0       0       0
      Totals:         7       0       0       0       0       0       0       0
Total ram usage:        7 bytes
 Hardware stack levels used:    1
 Hardware stack levels required when called:    1
 This function calls:
		_WriteBuffer
 This function is called by:
		Interrupt level 1
 This function uses a non-reentrant model


 *************** function _WriteBuffer *****************
 Defined at:
		line 220 in file "launcher_functions.c"
 Parameters:    Size  Location     Type
  data            1    wreg     unsigned char 
 Auto vars:     Size  Location     Type
  data            1    1[COMMON] unsigned char 
 Return value:  Size  Location     Type
		None               void
 Registers used:
		wreg, fsr1l, fsr1h, status,2, status,0
 Tracked objects:
		On entry : 
		On exit  : 
		Unchanged: 
 Data sizes:     COMMON   BANK0   BANK1   BANK2   BANK3   BANK4   BANK5   BANK6
      Params:         0       0       0       0       0       0       0       0
      Locals:         1       0       0       0       0       0       0       0
      Temps:          1       0       0       0       0       0       0       0
      Totals:         2       0       0       0       0       0       0       0
Total ram usage:        2 bytes
 Hardware stack levels used:    1
 This function calls:
		Nothing
 This function is called by:
		_isr
 This function uses a non-reentrant model



MODULE INFORMATION

Module		Function		Class		Link	Load	Size
C:\Program Files (x86)\Microchip\xc8\v1.33\sources\common\doprnt.c
		_sprintf       		CODE           	0667	0000	262

C:\Program Files (x86)\Microchip\xc8\v1.33\sources\common\doprnt.c estimated size: 262

C:\Program Files (x86)\Microchip\xc8\v1.33\sources\common\lwmod.c
		___lwmod       		CODE           	0D76	0000	47

C:\Program Files (x86)\Microchip\xc8\v1.33\sources\common\lwmod.c estimated size: 47

C:\Program Files (x86)\Microchip\xc8\v1.33\sources\common\Umul16.c
		___wmul        		CODE           	0CFE	0000	30

C:\Program Files (x86)\Microchip\xc8\v1.33\sources\common\Umul16.c estimated size: 30

C:\Program Files (x86)\Microchip\xc8\v1.33\sources\common\lwdiv.c
		___lwdiv       		CODE           	0DA5	0000	55

C:\Program Files (x86)\Microchip\xc8\v1.33\sources\common\lwdiv.c estimated size: 55

C:\Program Files (x86)\Microchip\xc8\v1.33\sources\common\awdiv.c
		___awdiv       		CODE           	0E60	0000	84

C:\Program Files (x86)\Microchip\xc8\v1.33\sources\common\awdiv.c estimated size: 84

shared
		__stringdata   		STRCODE        	080A	0000	26
		_dpowers       		STRCODE        	0800	0000	10
		__initializatio		CODE           	00DA	0000	89

shared estimated size: 125

C:\Program Files (x86)\Microchip\xc8\v1.33\sources\common\Umul8.c
		___bmul        		CODE           	0C5E	0000	18

C:\Program Files (x86)\Microchip\xc8\v1.33\sources\common\Umul8.c estimated size: 18

launcher_functions.c
		_InitUART      		CODE           	0C0B	0000	15
		_Hibernate     		CODE           	0CE2	0000	28
		_InitTimer0    		CODE           	0BE4	0000	12
		_InitTimer1    		CODE           	0BFC	0000	15
		_ToggleSleepGPS		CODE           	0D49	0000	45
		_GoToSleep     		CODE           	0C3A	0000	18
		_SendGPSSPI    		CODE           	0F14	0000	118
		_InitADC       		CODE           	07E7	0000	25
		_uart_write_mes		CODE           	0F8A	0000	118
		_CheckDisconnec		CODE           	0C1A	0000	15
		_WriteOverheadS		CODE           	0EB4	0000	96
		_compute_checks		CODE           	0DDC	0000	66
		_WriteBuffer   		CODE           	0C99	0000	23
		_DecodeGPS     		CODE           	0137	0000	606
		_UpdateGPS     		CODE           	0E1E	0000	66
		_InitGPIO      		CODE           	0D1C	0000	45
		_ReadBuffer    		CODE           	0CB0	0000	24
		_InitSPI       		CODE           	0C4C	0000	18
		_uart_xmit     		CODE           	0BD0	0000	10
		_WriteSPI      		CODE           	0C70	0000	19
		_SetupGPS      		CODE           	076D	0000	122
		_ReadSPI       		CODE           	0BF0	0000	12
		_ReadStatusSPI 		CODE           	0C29	0000	17
		_InitWatchdog  		CODE           	0BC1	0000	7
		_RecordMode    		CODE           	0395	0000	411
		_InitCLK       		CODE           	0BC8	0000	8

launcher_functions.c estimated size: 1959

launcher_main.c
		_main          		CODE           	0530	0000	311
		_isr           		CODE           	0004	0000	212

launcher_main.c estimated size: 523

