Microchip MPLAB XC8 Compiler V1.33 ()

Linker command line:

--edf=C:\Program Files (x86)\Microchip\xc8\v1.33\dat\en_msgs.txt -cs \
  -h+dist/default/debug\ADB_source.X.debug.sym \
  --cmf=dist/default/debug\ADB_source.X.debug.cmf -z -Q16LF1783 \
  -oC:\Users\477grp4\AppData\Local\Temp\s64s.6 \
  -Mdist/default/debug/ADB_source.X.debug.map -E1 -ver=XC8 \
  -ASTACK=02083h-021dfh -pstack=STACK -ACONST=00h-0FFhx16 \
  -ACODE=00h-07FFhx2 -ASTRCODE=00h-0FFFh -AENTRY=00h-0FFhx16 \
  -ASTRING=00h-0FFhx16 -ACOMMON=070h-07Fh -ABANK0=020h-06Fh \
  -ABANK1=0A0h-0EFh -ABANK2=0120h-016Fh -ABANK3=01A0h-01EFh \
  -ABANK4=0220h-026Fh -ABANK5=02A0h-02EFh -ABIGRAM=02000h-021DFh \
  -ARAM=020h-06Fh,0A0h-0EFh,0120h-016Fh,01A0h-01EFh,0220h-026Fh,02A0h-02EFh \
  -AABS1=020h-07Fh,0A0h-0EFh,0120h-016Fh,01A0h-01EFh,0220h-026Fh,02A0h-02EFh,0320h-032Fh \
  -ASFR0=00h-01Fh -ASFR1=080h-09Fh -ASFR2=0100h-011Fh -ASFR3=0180h-019Fh \
  -ASFR4=0200h-021Fh -ASFR5=0280h-029Fh -ASFR6=0300h-036Fh \
  -ASFR7=0380h-03EFh -ASFR8=0400h-046Fh -ASFR9=0480h-04EFh \
  -ASFR10=0500h-056Fh -ASFR11=0580h-05EFh -ASFR12=0600h-066Fh \
  -ASFR13=0680h-06EFh -ASFR14=0700h-076Fh -ASFR15=0780h-07EFh \
  -ASFR16=0800h-086Fh -ASFR17=0880h-08EFh -ASFR18=0900h-096Fh \
  -ASFR19=0980h-09EFh -ASFR20=0A00h-0A6Fh -ASFR21=0A80h-0AEFh \
  -ASFR22=0B00h-0B6Fh -ASFR23=0B80h-0BEFh -ASFR24=0C00h-0C6Fh \
  -ASFR25=0C80h-0CEFh -ASFR26=0D00h-0D6Fh -ASFR27=0D80h-0DEFh \
  -ASFR28=0E00h-0E6Fh -ASFR29=0E80h-0EEFh -ASFR30=0F00h-0F6Fh \
  -ASFR31=0F80h-0FEFh -preset_vec=00h,intentry=04h,init,end_init \
  -ppowerup=CODE -pcinit=CODE -pfunctab=CODE -ACONFIG=08007h-08008h \
  -pconfig=CONFIG -DCONFIG=2 -AIDLOC=08000h-08003h -pidloc=IDLOC -DIDLOC=2 \
  -AEEDATA=00h-0FFh/0F000h -peeprom_data=EEDATA -DEEDATA=2 -DCODE=2 \
  -DSTRCODE=2 -DSTRING=2 -DCONST=2 -DENTRY=2 -k \
  C:\Users\477grp4\AppData\Local\Temp\s64s.obj \
  dist/default/debug\ADB_source.X.debug.obj 

Object code version is 3.11

Machine type is 16LF1783



                Name                               Link     Load   Length Selector   Space Scale
C:\Users\477grp4\AppData\Local\Temp\s64s.obj
                end_init                             3C       3C        2        8       0
                reset_vec                             0        0        3        0       0
                config                             8007     8007        2    1000E       0
dist/default/debug\ADB_source.X.debug.obj
                cinit                                3E       3E       14        8       0
                intentry                              4        4       38        8       0
                text15                              20F      20F       17        8       0
                text13                              285      285        A        8       0
                text12                              28F      28F        8        8       0
                text11                              226      226       13        8       0
                text10                              1D9      1D9       1F        8       0
                text9                               24B      24B       12        8       0
                text8                               26C      26C        D        8       0
                text7                               297      297        7        8       0
                text6                               279      279        C        8       0
                text5                               239      239       12        8       0
                text4                               25D      25D        F        8       0
                text3                               15A      15A       51        8       0
                text2                               1F8      1F8       17        8       0
                text1                                52       52      108        8       0
                maintext                            1AB      1AB       2E        8       0
                cstackBANK0                          20       20       21       20       1
                cstackCOMMON                         70       70        A       70       1
                clrtext                             29E      29E        6        8       0
                bssBANK1                             A0       A0       33       A0       1
                bssBANK0                             41       41        F       20       1
                bssCOMMON                            7A       7A        1       70       1

TOTAL           Name                               Link     Load   Length     Space
        CLASS   STACK          

        CLASS   CONST          

        CLASS   CODE           
                end_init                             3C       3C        2         0
                cinit                                3E       3E       14         0
                intentry                              4        4       38         0
                reset_vec                             0        0        3         0
                text15                              20F      20F       17         0
                text13                              285      285        A         0
                text12                              28F      28F        8         0
                text11                              226      226       13         0
                text10                              1D9      1D9       1F         0
                text9                               24B      24B       12         0
                text8                               26C      26C        D         0
                text7                               297      297        7         0
                text6                               279      279        C         0
                text5                               239      239       12         0
                text4                               25D      25D        F         0
                text3                               15A      15A       51         0
                text2                               1F8      1F8       17         0
                text1                                52       52      108         0
                maintext                            1AB      1AB       2E         0
                clrtext                             29E      29E        6         0

        CLASS   STRCODE        

        CLASS   ENTRY          

        CLASS   STRING         

        CLASS   COMMON         
                cstackCOMMON                         70       70        A         1
                bssCOMMON                            7A       7A        1         1

        CLASS   BANK0          
                cstackBANK0                          20       20       21         1
                bssBANK0                             41       41        F         1

        CLASS   BANK1          
                bssBANK1                             A0       A0       33         1

        CLASS   BANK2          

        CLASS   BANK3          

        CLASS   BANK4          

        CLASS   BANK5          

        CLASS   BIGRAM         

        CLASS   RAM            

        CLASS   ABS1           
                abs_s1                               7E       7E        2         1

        CLASS   SFR0           

        CLASS   SFR1           

        CLASS   SFR2           

        CLASS   SFR3           

        CLASS   SFR4           

        CLASS   SFR5           

        CLASS   SFR6           

        CLASS   SFR7           

        CLASS   SFR8           

        CLASS   SFR9           

        CLASS   SFR10          

        CLASS   SFR11          

        CLASS   SFR12          

        CLASS   SFR13          

        CLASS   SFR14          

        CLASS   SFR15          

        CLASS   SFR16          

        CLASS   SFR17          

        CLASS   SFR18          

        CLASS   SFR19          

        CLASS   SFR20          

        CLASS   SFR21          

        CLASS   SFR22          

        CLASS   SFR23          

        CLASS   SFR24          

        CLASS   SFR25          

        CLASS   SFR26          

        CLASS   SFR27          

        CLASS   SFR28          

        CLASS   SFR29          

        CLASS   SFR30          

        CLASS   SFR31          

        CLASS   CONFIG         
                config                             8007     8007        2         0

        CLASS   IDLOC          

        CLASS   EEDATA         

        CLASS   BANK31         

        CLASS   BANK30         

        CLASS   BANK29         

        CLASS   BANK28         

        CLASS   BANK27         

        CLASS   BANK26         

        CLASS   BANK25         

        CLASS   BANK24         

        CLASS   BANK23         

        CLASS   BANK22         

        CLASS   BANK21         

        CLASS   BANK20         

        CLASS   BANK19         

        CLASS   BANK18         

        CLASS   BANK17         

        CLASS   BANK16         

        CLASS   BANK15         

        CLASS   BANK14         

        CLASS   BANK13         

        CLASS   BANK12         

        CLASS   BANK11         

        CLASS   BANK10         

        CLASS   BANK9          

        CLASS   BANK8          

        CLASS   BANK7          

        CLASS   BANK6          



SEGMENTS        Name                           Load    Length   Top    Selector   Space  Class     Delta

                reset_vec                      000000  000003  000003         0       0  CODE        2
                intentry                       000004  0002A0  0002A4         8       0  CODE        2
                cstackBANK0                    000020  000030  000050        20       1  BANK0       1
                cstackCOMMON                   000070  00000B  00007B        70       1  COMMON      1
                bssBANK1                       0000A0  000033  0000D3        A0       1  BANK1       1
                config                         008007  000002  008009     1000E       0  CONFIG      2


UNUSED ADDRESS RANGES

        Name                Unused          Largest block    Delta
        BANK0            00050-0006F              20           1
        BANK1            000D3-000EF              1D           1
        BANK2            00120-0016F              50           1
        BANK3            001A0-001EF              50           1
        BANK4            00220-0026F              50           1
        BANK5            002A0-002EF              50           1
        BIGRAM           02000-021DF             1E0           1
        CODE             00003-00003               1           2
                         002A4-00FFF             55C
        COMMON           0007B-0007D               3           1
        CONST            00003-00003               1           2
                         002A4-00FFF             100
        EEDATA           0F000-0F0FF             100           2
        ENTRY            00003-00003               1           2
                         002A4-00FFF             100
        IDLOC            08000-08003               4           2
        RAM              00050-0006F              20           1
                         000D3-000EF              1D
                         00120-0016F              50
                         001A0-001EF              50
                         00220-0026F              50
                         002A0-002EF              50
        SFR0             00000-0001F              20           1
        SFR1             00080-0009F              20           1
        SFR10            00500-0056F              70           1
        SFR11            00580-005EF              70           1
        SFR12            00600-0066F              70           1
        SFR13            00680-006EF              70           1
        SFR14            00700-0076F              70           1
        SFR15            00780-007EF              70           1
        SFR16            00800-0086F              70           1
        SFR17            00880-008EF              70           1
        SFR18            00900-0096F              70           1
        SFR19            00980-009EF              70           1
        SFR2             00100-0011F              20           1
        SFR20            00A00-00A6F              70           1
        SFR21            00A80-00AEF              70           1
        SFR22            00B00-00B6F              70           1
        SFR23            00B80-00BEF              70           1
        SFR24            00C00-00C6F              70           1
        SFR25            00C80-00CEF              70           1
        SFR26            00D00-00D6F              70           1
        SFR27            00D80-00DEF              70           1
        SFR28            00E00-00E6F              70           1
        SFR29            00E80-00EEF              70           1
        SFR3             00180-0019F              20           1
        SFR30            00F00-00F6F              70           1
        SFR31            00F80-00FEF              70           1
        SFR4             00200-0021F              20           1
        SFR5             00280-0029F              20           1
        SFR6             00300-0036F              70           1
        SFR7             00380-003EF              70           1
        SFR8             00400-0046F              70           1
        SFR9             00480-004EF              70           1
        STACK            02083-021DF             15D           1
        STRCODE          00003-00003               1           2
                         002A4-00FFF             D5C
        STRING           00003-00003               1           2
                         002A4-00FFF             100

                                  Symbol Table

PlaybackMode@curr_address    cstackBANK0  00033
PlaybackMode@end_address     cstackBANK0  00039
ReadBuffer@read_data         cstackCOMMON 00071
ReadOverheadSPI@StatusReg    cstackBANK0  0002A
ReadOverheadSPI@address      cstackBANK0  00020
ReadOverheadSPI@addressBytes cstackBANK0  0002C
ReadSPI@dataByte             cstackCOMMON 00074
ReadStatusSPI@dataRead       cstackCOMMON 00079
WriteBuffer@data             cstackCOMMON 00074
WriteSPI@buffer              cstackCOMMON 00075
WriteSPI@databyte            cstackCOMMON 00077
_ANSELAbits                  (abs)        0018C
_CheckDisconnect             text13       00285
_DACCON0bits                 (abs)        00118
_DACCON1                     (abs)        00119
_EastWest                    bssBANK0     0004D
_GIE                         (abs)        0005F
_INTCONbits                  (abs)        0000B
_IOCAF                       (abs)        00393
_IOCAFbits                   (abs)        00393
_IOCANbits                   (abs)        00392
_IOCAPbits                   (abs)        00391
_InitCLK                     text12       0028F
_InitDAC                     text11       00226
_InitGPIO                    text10       001D9
_InitSPI                     text9        0024B
_InitTimer0                  text8        0026C
_InitWatchdog                text7        00297
_LATC2                       (abs)        00872
_Latitude                    bssBANK0     00041
_Longitude                   bssBANK0     00044
_NorthSouth                  bssBANK0     0004E
_OPA1CONbits                 (abs)        00511
_OSCCONbits                  (abs)        00099
_PEIE                        (abs)        0005E
_PIR1bits                    (abs)        00011
_PORTAbits                   (abs)        0000C
_PORTBbits                   (abs)        0000D
_PORTCbits                   (abs)        0000E
_PS0                         (abs)        004A8
_PS1                         (abs)        004A9
_PS2                         (abs)        004AA
_PSA                         (abs)        004AB
_PlaybackMode                text1        00052
_PlaybackMode$622            cstackBANK0  00037
_ReadBuffer                  text15       0020F
_ReadOverheadSPI             text3        0015A
_ReadSPI                     text6        00279
_ReadStatusSPI               text4        0025D
_SSPBUF                      (abs)        00211
_SSPCON1bits                 (abs)        00215
_SSPSTATbits                 (abs)        00214
_TMR0                        (abs)        00015
_TMR0CS                      (abs)        004AD
_TMR0IE                      (abs)        0005D
_TMR0IF                      (abs)        0005A
_TRISAbits                   (abs)        0008C
_TRISBbits                   (abs)        0008D
_TRISCbits                   (abs)        0008E
_WDTCONbits                  (abs)        00097
_WriteBuffer                 text2        001F8
_WriteSPI                    text5        00239
__CFG_BOREN$OFF              (abs)        00000
__CFG_CLKOUTEN$OFF           (abs)        00000
__CFG_FOSC$INTOSC            (abs)        00000
__CFG_LVP$ON                 (abs)        00000
__CFG_MCLRE$ON               (abs)        00000
__CFG_PLLEN$OFF              (abs)        00000
__CFG_WDTE$SWDTEN            (abs)        00000
__Habs1                      abs1         00000
__Hbank0                     bank0        00000
__Hbank1                     bank1        00000
__Hbank10                    bank10       00000
__Hbank11                    bank11       00000
__Hbank12                    bank12       00000
__Hbank13                    bank13       00000
__Hbank14                    bank14       00000
__Hbank15                    bank15       00000
__Hbank16                    bank16       00000
__Hbank17                    bank17       00000
__Hbank18                    bank18       00000
__Hbank19                    bank19       00000
__Hbank2                     bank2        00000
__Hbank20                    bank20       00000
__Hbank21                    bank21       00000
__Hbank22                    bank22       00000
__Hbank23                    bank23       00000
__Hbank24                    bank24       00000
__Hbank25                    bank25       00000
__Hbank26                    bank26       00000
__Hbank27                    bank27       00000
__Hbank28                    bank28       00000
__Hbank29                    bank29       00000
__Hbank3                     bank3        00000
__Hbank30                    bank30       00000
__Hbank31                    bank31       00000
__Hbank4                     bank4        00000
__Hbank5                     bank5        00000
__Hbank6                     bank6        00000
__Hbank7                     bank7        00000
__Hbank8                     bank8        00000
__Hbank9                     bank9        00000
__Hbigram                    bigram       00000
__HbssBANK0                  bssBANK0     00000
__HbssBANK1                  bssBANK1     00000
__HbssCOMMON                 bssCOMMON    00000
__Hcinit                     cinit        00052
__Hclrtext                   clrtext      00000
__Hcode                      code         00000
__Hcommon                    common       00000
__Hconfig                    config       08009
__HcstackBANK0               cstackBANK0  00000
__HcstackCOMMON              cstackCOMMON 00000
__Heeprom_data               eeprom_data  00000
__Hend_init                  end_init     0003E
__Hfunctab                   functab      00000
__Hidloc                     idloc        00000
__Hinit                      init         0003C
__Hintentry                  intentry     0003C
__Hmaintext                  maintext     00000
__Hpowerup                   powerup      00000
__Hram                       ram          00000
__Hreset_vec                 reset_vec    00003
__Hsfr0                      sfr0         00000
__Hsfr1                      sfr1         00000
__Hsfr10                     sfr10        00000
__Hsfr11                     sfr11        00000
__Hsfr12                     sfr12        00000
__Hsfr13                     sfr13        00000
__Hsfr14                     sfr14        00000
__Hsfr15                     sfr15        00000
__Hsfr16                     sfr16        00000
__Hsfr17                     sfr17        00000
__Hsfr18                     sfr18        00000
__Hsfr19                     sfr19        00000
__Hsfr2                      sfr2         00000
__Hsfr20                     sfr20        00000
__Hsfr21                     sfr21        00000
__Hsfr22                     sfr22        00000
__Hsfr23                     sfr23        00000
__Hsfr24                     sfr24        00000
__Hsfr25                     sfr25        00000
__Hsfr26                     sfr26        00000
__Hsfr27                     sfr27        00000
__Hsfr28                     sfr28        00000
__Hsfr29                     sfr29        00000
__Hsfr3                      sfr3         00000
__Hsfr30                     sfr30        00000
__Hsfr31                     sfr31        00000
__Hsfr4                      sfr4         00000
__Hsfr5                      sfr5         00000
__Hsfr6                      sfr6         00000
__Hsfr7                      sfr7         00000
__Hsfr8                      sfr8         00000
__Hsfr9                      sfr9         00000
__Hspace_0                   (abs)        08009
__Hspace_1                   (abs)        000D3
__Hspace_2                   (abs)        00000
__Hspace_3                   (abs)        00000
__Hstack                     stack        00000
__Hstrings                   strings      00000
__Htext                      text         00000
__Labs1                      abs1         00000
__Lbank0                     bank0        00000
__Lbank1                     bank1        00000
__Lbank10                    bank10       00000
__Lbank11                    bank11       00000
__Lbank12                    bank12       00000
__Lbank13                    bank13       00000
__Lbank14                    bank14       00000
__Lbank15                    bank15       00000
__Lbank16                    bank16       00000
__Lbank17                    bank17       00000
__Lbank18                    bank18       00000
__Lbank19                    bank19       00000
__Lbank2                     bank2        00000
__Lbank20                    bank20       00000
__Lbank21                    bank21       00000
__Lbank22                    bank22       00000
__Lbank23                    bank23       00000
__Lbank24                    bank24       00000
__Lbank25                    bank25       00000
__Lbank26                    bank26       00000
__Lbank27                    bank27       00000
__Lbank28                    bank28       00000
__Lbank29                    bank29       00000
__Lbank3                     bank3        00000
__Lbank30                    bank30       00000
__Lbank31                    bank31       00000
__Lbank4                     bank4        00000
__Lbank5                     bank5        00000
__Lbank6                     bank6        00000
__Lbank7                     bank7        00000
__Lbank8                     bank8        00000
__Lbank9                     bank9        00000
__Lbigram                    bigram       00000
__LbssBANK0                  bssBANK0     00000
__LbssBANK1                  bssBANK1     00000
__LbssCOMMON                 bssCOMMON    00000
__Lcinit                     cinit        0003E
__Lclrtext                   clrtext      00000
__Lcode                      code         00000
__Lcommon                    common       00000
__Lconfig                    config       08007
__LcstackBANK0               cstackBANK0  00000
__LcstackCOMMON              cstackCOMMON 00000
__Leeprom_data               eeprom_data  00000
__Lend_init                  end_init     0003C
__Lfunctab                   functab      00000
__Lidloc                     idloc        00000
__Linit                      init         0003C
__Lintentry                  intentry     00004
__Lmaintext                  maintext     00000
__Lpowerup                   powerup      00000
__Lram                       ram          00000
__Lreset_vec                 reset_vec    00000
__Lsfr0                      sfr0         00000
__Lsfr1                      sfr1         00000
__Lsfr10                     sfr10        00000
__Lsfr11                     sfr11        00000
__Lsfr12                     sfr12        00000
__Lsfr13                     sfr13        00000
__Lsfr14                     sfr14        00000
__Lsfr15                     sfr15        00000
__Lsfr16                     sfr16        00000
__Lsfr17                     sfr17        00000
__Lsfr18                     sfr18        00000
__Lsfr19                     sfr19        00000
__Lsfr2                      sfr2         00000
__Lsfr20                     sfr20        00000
__Lsfr21                     sfr21        00000
__Lsfr22                     sfr22        00000
__Lsfr23                     sfr23        00000
__Lsfr24                     sfr24        00000
__Lsfr25                     sfr25        00000
__Lsfr26                     sfr26        00000
__Lsfr27                     sfr27        00000
__Lsfr28                     sfr28        00000
__Lsfr29                     sfr29        00000
__Lsfr3                      sfr3         00000
__Lsfr30                     sfr30        00000
__Lsfr31                     sfr31        00000
__Lsfr4                      sfr4         00000
__Lsfr5                      sfr5         00000
__Lsfr6                      sfr6         00000
__Lsfr7                      sfr7         00000
__Lsfr8                      sfr8         00000
__Lsfr9                      sfr9         00000
__Lspace_0                   (abs)        00000
__Lspace_1                   (abs)        00000
__Lspace_2                   (abs)        00000
__Lspace_3                   (abs)        00000
__Lstack                     stack        00000
__Lstrings                   strings      00000
__Ltext                      text         00000
__S0                         (abs)        08009
__S1                         (abs)        000D3
__S2                         (abs)        00000
__S3                         (abs)        00000
___int_sp                    stack        00000
___latbits                   (abs)        00001
___sp                        stack        00000
__end_of_CheckDisconnect     text13       0028F
__end_of_InitCLK             text12       00297
__end_of_InitDAC             text11       00239
__end_of_InitGPIO            text10       001F8
__end_of_InitSPI             text9        0025D
__end_of_InitTimer0          text8        00279
__end_of_InitWatchdog        text7        0029E
__end_of_PlaybackMode        text1        0015A
__end_of_ReadBuffer          text15       00226
__end_of_ReadOverheadSPI     text3        001AB
__end_of_ReadSPI             text6        00285
__end_of_ReadStatusSPI       text4        0026C
__end_of_WriteBuffer         text2        0020F
__end_of_WriteSPI            text5        0024B
__end_of__initialization     cinit        0004E
__end_of_isr                 intentry     0003C
__end_of_main                maintext     001D9
__initialization             cinit        0003E
__pbssBANK0                  bssBANK0     00041
__pbssBANK1                  bssBANK1     000A0
__pbssCOMMON                 bssCOMMON    0007A
__pcstackBANK0               cstackBANK0  00020
__pcstackCOMMON              cstackCOMMON 00070
__pintentry                  intentry     00004
__pmaintext                  maintext     001AB
__ptext0                     text0        00000
__ptext1                     text1        00052
__ptext10                    text10       001D9
__ptext11                    text11       00226
__ptext12                    text12       0028F
__ptext13                    text13       00285
__ptext15                    text15       0020F
__ptext2                     text2        001F8
__ptext3                     text3        0015A
__ptext4                     text4        0025D
__ptext5                     text5        00239
__ptext6                     text6        00279
__ptext7                     text7        00297
__ptext8                     text8        0026C
__ptext9                     text9        0024B
__size_of_CheckDisconnect    (abs)        00000
__size_of_InitCLK            (abs)        00000
__size_of_InitDAC            (abs)        00000
__size_of_InitGPIO           (abs)        00000
__size_of_InitSPI            (abs)        00000
__size_of_InitTimer0         (abs)        00000
__size_of_InitWatchdog       (abs)        00000
__size_of_PlaybackMode       (abs)        00000
__size_of_ReadBuffer         (abs)        00000
__size_of_ReadOverheadSPI    (abs)        00000
__size_of_ReadSPI            (abs)        00000
__size_of_ReadStatusSPI      (abs)        00000
__size_of_WriteBuffer        (abs)        00000
__size_of_WriteSPI           (abs)        00000
__size_of_isr                (abs)        00000
__size_of_main               (abs)        00000
_buffer                      bssBANK1     000A0
_dacOutputFlag               bssCOMMON    0007A
_end                         bssBANK0     00047
_isr                         intentry     00004
_main                        maintext     001AB
_playbackFlag                bssBANK0     00049
_start                       bssBANK0     0004B
_transmitFlag                bssBANK0     0004F
btemp                        (abs)        0007E
clear_ram0                   clrtext      0029E
end_of_initialization        cinit        0004E
intlevel0                    functab      00000
intlevel1                    functab      00000
intlevel2                    functab      00000
intlevel3                    functab      00000
intlevel4                    functab      00000
intlevel5                    functab      00000
ltemp                        (abs)        0007E
ltemp0                       (abs)        0007E
ltemp1                       (abs)        00082
ltemp2                       (abs)        00086
ltemp3                       (abs)        00080
pic14e$flags                 (abs)        0007E
reset_vec                    reset_vec    00000
stackhi                      (abs)        021DF
stacklo                      (abs)        02083
start                        init         0003C
start_initialization         cinit        0003E
ttemp                        (abs)        0007E
ttemp0                       (abs)        0007E
ttemp1                       (abs)        00081
ttemp2                       (abs)        00084
ttemp3                       (abs)        00087
ttemp4                       (abs)        0007F
wtemp                        (abs)        0007E
wtemp0                       (abs)        0007E
wtemp1                       (abs)        00080
wtemp2                       (abs)        00082
wtemp3                       (abs)        00084
wtemp4                       (abs)        00086
wtemp5                       (abs)        00088
wtemp6                       (abs)        0007F


FUNCTION INFORMATION:

 *************** function _main *****************
 Defined at:
		line 54 in file "beacon_main.c"
 Parameters:    Size  Location     Type
  argc            2   29[BANK0 ] int 
  argv            2   31[BANK0 ] PTR PTR unsigned char 
 Auto vars:     Size  Location     Type
		None
 Return value:  Size  Location     Type
                  2   29[BANK0 ] int 
 Registers used:
		wreg, fsr1l, fsr1h, status,2, status,0, pclath, cstack
 Tracked objects:
		On entry : 
		On exit  : 
		Unchanged: 
 Data sizes:     COMMON   BANK0   BANK1   BANK2   BANK3   BANK4   BANK5
      Params:         0       4       0       0       0       0       0
      Locals:         0       0       0       0       0       0       0
      Temps:          0       0       0       0       0       0       0
      Totals:         0       4       0       0       0       0       0
Total ram usage:        4 bytes
 Hardware stack levels required when called:    6
 This function calls:
		_CheckDisconnect
		_InitCLK
		_InitDAC
		_InitGPIO
		_InitSPI
		_InitTimer0
		_InitWatchdog
		_PlaybackMode
 This function is called by:
		Startup code after reset
 This function uses a non-reentrant model


 *************** function _PlaybackMode *****************
 Defined at:
		line 136 in file "beacon_functions.c"
 Parameters:    Size  Location     Type
		None
 Auto vars:     Size  Location     Type
  end_address     4   25[BANK0 ] long 
  curr_address    4   19[BANK0 ] long 
 Return value:  Size  Location     Type
		None               void
 Registers used:
		wreg, fsr1l, fsr1h, status,2, status,0, pclath, cstack
 Tracked objects:
		On entry : 
		On exit  : 
		Unchanged: 
 Data sizes:     COMMON   BANK0   BANK1   BANK2   BANK3   BANK4   BANK5
      Params:         0       0       0       0       0       0       0
      Locals:         0      10       0       0       0       0       0
      Temps:          0       4       0       0       0       0       0
      Totals:         0      14       0       0       0       0       0
Total ram usage:       14 bytes
 Hardware stack levels used:    1
 Hardware stack levels required when called:    5
 This function calls:
		_ReadOverheadSPI
		_ReadSPI
		_WriteBuffer
 This function is called by:
		_main
		_TransmitMode
 This function uses a non-reentrant model


 *************** function _WriteBuffer *****************
 Defined at:
		line 335 in file "beacon_functions.c"
 Parameters:    Size  Location     Type
  data            1    wreg     unsigned char 
 Auto vars:     Size  Location     Type
  data            1    4[COMMON] unsigned char 
 Return value:  Size  Location     Type
		None               void
 Registers used:
		wreg, fsr1l, fsr1h, status,2, status,0
 Tracked objects:
		On entry : 
		On exit  : 
		Unchanged: 
 Data sizes:     COMMON   BANK0   BANK1   BANK2   BANK3   BANK4   BANK5
      Params:         0       0       0       0       0       0       0
      Locals:         1       0       0       0       0       0       0
      Temps:          1       0       0       0       0       0       0
      Totals:         2       0       0       0       0       0       0
Total ram usage:        2 bytes
 Hardware stack levels used:    1
 Hardware stack levels required when called:    2
 This function calls:
		Nothing
 This function is called by:
		_PlaybackMode
 This function uses a non-reentrant model


 *************** function _ReadOverheadSPI *****************
 Defined at:
		line 310 in file "beacon_functions.c"
 Parameters:    Size  Location     Type
  address         4    0[BANK0 ] long 
 Auto vars:     Size  Location     Type
  addressBytes    3   12[BANK0 ] unsigned char [3]
  StatusReg       2   10[BANK0 ] int 
 Return value:  Size  Location     Type
		None               void
 Registers used:
		wreg, status,2, status,0, pclath, cstack
 Tracked objects:
		On entry : 
		On exit  : 
		Unchanged: 
 Data sizes:     COMMON   BANK0   BANK1   BANK2   BANK3   BANK4   BANK5
      Params:         0       4       0       0       0       0       0
      Locals:         0       5       0       0       0       0       0
      Temps:          0       6       0       0       0       0       0
      Totals:         0      15       0       0       0       0       0
Total ram usage:       15 bytes
 Hardware stack levels used:    1
 Hardware stack levels required when called:    4
 This function calls:
		_ReadStatusSPI
		_WriteSPI
 This function is called by:
		_PlaybackMode
 This function uses a non-reentrant model


 *************** function _ReadStatusSPI *****************
 Defined at:
		line 298 in file "beacon_functions.c"
 Parameters:    Size  Location     Type
		None
 Auto vars:     Size  Location     Type
  dataRead        1    9[COMMON] unsigned char 
 Return value:  Size  Location     Type
                  1    wreg      unsigned char 
 Registers used:
		wreg, status,2, status,0, pclath, cstack
 Tracked objects:
		On entry : 
		On exit  : 
		Unchanged: 
 Data sizes:     COMMON   BANK0   BANK1   BANK2   BANK3   BANK4   BANK5
      Params:         0       0       0       0       0       0       0
      Locals:         1       0       0       0       0       0       0
      Temps:          1       0       0       0       0       0       0
      Totals:         2       0       0       0       0       0       0
Total ram usage:        2 bytes
 Hardware stack levels used:    1
 Hardware stack levels required when called:    3
 This function calls:
		_ReadSPI
		_WriteSPI
 This function is called by:
		_ReadOverheadSPI
		_WriteSPI_overhead
 This function uses a non-reentrant model


 *************** function _WriteSPI *****************
 Defined at:
		line 184 in file "beacon_functions.c"
 Parameters:    Size  Location     Type
  databyte        1    wreg     unsigned char 
 Auto vars:     Size  Location     Type
  databyte        1    7[COMMON] unsigned char 
  buffer          2    5[COMMON] unsigned int 
 Return value:  Size  Location     Type
		None               void
 Registers used:
		wreg
 Tracked objects:
		On entry : 
		On exit  : 
		Unchanged: 
 Data sizes:     COMMON   BANK0   BANK1   BANK2   BANK3   BANK4   BANK5
      Params:         0       0       0       0       0       0       0
      Locals:         3       0       0       0       0       0       0
      Temps:          2       0       0       0       0       0       0
      Totals:         5       0       0       0       0       0       0
Total ram usage:        5 bytes
 Hardware stack levels used:    1
 Hardware stack levels required when called:    2
 This function calls:
		Nothing
 This function is called by:
		_ReadStatusSPI
		_ReadOverheadSPI
		_WriteSPI_overhead
 This function uses a non-reentrant model


 *************** function _ReadSPI *****************
 Defined at:
		line 193 in file "beacon_functions.c"
 Parameters:    Size  Location     Type
		None
 Auto vars:     Size  Location     Type
  dataByte        1    4[COMMON] unsigned char 
 Return value:  Size  Location     Type
                  1    wreg      unsigned char 
 Registers used:
		wreg, status,2
 Tracked objects:
		On entry : 
		On exit  : 
		Unchanged: 
 Data sizes:     COMMON   BANK0   BANK1   BANK2   BANK3   BANK4   BANK5
      Params:         0       0       0       0       0       0       0
      Locals:         1       0       0       0       0       0       0
      Temps:          1       0       0       0       0       0       0
      Totals:         2       0       0       0       0       0       0
Total ram usage:        2 bytes
 Hardware stack levels used:    1
 Hardware stack levels required when called:    2
 This function calls:
		Nothing
 This function is called by:
		_PlaybackMode
		_ReadStatusSPI
 This function uses a non-reentrant model


 *************** function _InitWatchdog *****************
 Defined at:
		line 107 in file "beacon_functions.c"
 Parameters:    Size  Location     Type
		None
 Auto vars:     Size  Location     Type
		None
 Return value:  Size  Location     Type
		None               void
 Registers used:
		wreg, status,2, status,0
 Tracked objects:
		On entry : 
		On exit  : 
		Unchanged: 
 Data sizes:     COMMON   BANK0   BANK1   BANK2   BANK3   BANK4   BANK5
      Params:         0       0       0       0       0       0       0
      Locals:         0       0       0       0       0       0       0
      Temps:          0       0       0       0       0       0       0
      Totals:         0       0       0       0       0       0       0
Total ram usage:        0 bytes
 Hardware stack levels used:    1
 Hardware stack levels required when called:    2
 This function calls:
		Nothing
 This function is called by:
		_main
 This function uses a non-reentrant model


 *************** function _InitTimer0 *****************
 Defined at:
		line 92 in file "beacon_functions.c"
 Parameters:    Size  Location     Type
		None
 Auto vars:     Size  Location     Type
		None
 Return value:  Size  Location     Type
		None               void
 Registers used:
		wreg
 Tracked objects:
		On entry : 
		On exit  : 
		Unchanged: 
 Data sizes:     COMMON   BANK0   BANK1   BANK2   BANK3   BANK4   BANK5
      Params:         0       0       0       0       0       0       0
      Locals:         0       0       0       0       0       0       0
      Temps:          0       0       0       0       0       0       0
      Totals:         0       0       0       0       0       0       0
Total ram usage:        0 bytes
 Hardware stack levels used:    1
 Hardware stack levels required when called:    2
 This function calls:
		Nothing
 This function is called by:
		_main
 This function uses a non-reentrant model


 *************** function _InitSPI *****************
 Defined at:
		line 69 in file "beacon_functions.c"
 Parameters:    Size  Location     Type
		None
 Auto vars:     Size  Location     Type
		None
 Return value:  Size  Location     Type
		None               void
 Registers used:
		wreg, status,2, status,0
 Tracked objects:
		On entry : 
		On exit  : 
		Unchanged: 
 Data sizes:     COMMON   BANK0   BANK1   BANK2   BANK3   BANK4   BANK5
      Params:         0       0       0       0       0       0       0
      Locals:         0       0       0       0       0       0       0
      Temps:          0       0       0       0       0       0       0
      Totals:         0       0       0       0       0       0       0
Total ram usage:        0 bytes
 Hardware stack levels used:    1
 Hardware stack levels required when called:    2
 This function calls:
		Nothing
 This function is called by:
		_main
 This function uses a non-reentrant model


 *************** function _InitGPIO *****************
 Defined at:
		line 9 in file "beacon_functions.c"
 Parameters:    Size  Location     Type
		None
 Auto vars:     Size  Location     Type
		None
 Return value:  Size  Location     Type
		None               void
 Registers used:
		status,2
 Tracked objects:
		On entry : 
		On exit  : 
		Unchanged: 
 Data sizes:     COMMON   BANK0   BANK1   BANK2   BANK3   BANK4   BANK5
      Params:         0       0       0       0       0       0       0
      Locals:         0       0       0       0       0       0       0
      Temps:          0       0       0       0       0       0       0
      Totals:         0       0       0       0       0       0       0
Total ram usage:        0 bytes
 Hardware stack levels used:    1
 Hardware stack levels required when called:    2
 This function calls:
		Nothing
 This function is called by:
		_main
 This function uses a non-reentrant model


 *************** function _InitDAC *****************
 Defined at:
		line 52 in file "beacon_functions.c"
 Parameters:    Size  Location     Type
		None
 Auto vars:     Size  Location     Type
		None
 Return value:  Size  Location     Type
		None               void
 Registers used:
		wreg, status,2, status,0
 Tracked objects:
		On entry : 
		On exit  : 
		Unchanged: 
 Data sizes:     COMMON   BANK0   BANK1   BANK2   BANK3   BANK4   BANK5
      Params:         0       0       0       0       0       0       0
      Locals:         0       0       0       0       0       0       0
      Temps:          0       0       0       0       0       0       0
      Totals:         0       0       0       0       0       0       0
Total ram usage:        0 bytes
 Hardware stack levels used:    1
 Hardware stack levels required when called:    2
 This function calls:
		Nothing
 This function is called by:
		_main
 This function uses a non-reentrant model


 *************** function _InitCLK *****************
 Defined at:
		line 4 in file "beacon_functions.c"
 Parameters:    Size  Location     Type
		None
 Auto vars:     Size  Location     Type
		None
 Return value:  Size  Location     Type
		None               void
 Registers used:
		wreg, status,2, status,0
 Tracked objects:
		On entry : 
		On exit  : 
		Unchanged: 
 Data sizes:     COMMON   BANK0   BANK1   BANK2   BANK3   BANK4   BANK5
      Params:         0       0       0       0       0       0       0
      Locals:         0       0       0       0       0       0       0
      Temps:          0       0       0       0       0       0       0
      Totals:         0       0       0       0       0       0       0
Total ram usage:        0 bytes
 Hardware stack levels used:    1
 Hardware stack levels required when called:    2
 This function calls:
		Nothing
 This function is called by:
		_main
 This function uses a non-reentrant model


 *************** function _CheckDisconnect *****************
 Defined at:
		line 115 in file "beacon_functions.c"
 Parameters:    Size  Location     Type
		None
 Auto vars:     Size  Location     Type
		None
 Return value:  Size  Location     Type
		None               void
 Registers used:
		status,2
 Tracked objects:
		On entry : 
		On exit  : 
		Unchanged: 
 Data sizes:     COMMON   BANK0   BANK1   BANK2   BANK3   BANK4   BANK5
      Params:         0       0       0       0       0       0       0
      Locals:         0       0       0       0       0       0       0
      Temps:          0       0       0       0       0       0       0
      Totals:         0       0       0       0       0       0       0
Total ram usage:        0 bytes
 Hardware stack levels used:    1
 Hardware stack levels required when called:    2
 This function calls:
		Nothing
 This function is called by:
		_main
 This function uses a non-reentrant model


 *************** function _isr *****************
 Defined at:
		line 20 in file "beacon_main.c"
 Parameters:    Size  Location     Type
		None
 Auto vars:     Size  Location     Type
		None
 Return value:  Size  Location     Type
		None               void
 Registers used:
		wreg, fsr1l, fsr1h, status,2, status,0, pclath, cstack
 Tracked objects:
		On entry : 
		On exit  : 
		Unchanged: 
 Data sizes:     COMMON   BANK0   BANK1   BANK2   BANK3   BANK4   BANK5
      Params:         0       0       0       0       0       0       0
      Locals:         0       0       0       0       0       0       0
      Temps:          1       0       0       0       0       0       0
      Totals:         1       0       0       0       0       0       0
Total ram usage:        1 bytes
 Hardware stack levels used:    1
 Hardware stack levels required when called:    1
 This function calls:
		_ReadBuffer
 This function is called by:
		Interrupt level 1
 This function uses a non-reentrant model


 *************** function _ReadBuffer *****************
 Defined at:
		line 345 in file "beacon_functions.c"
 Parameters:    Size  Location     Type
		None
 Auto vars:     Size  Location     Type
  read_data       1    1[COMMON] unsigned char 
 Return value:  Size  Location     Type
                  1    wreg      unsigned char 
 Registers used:
		wreg, fsr1l, fsr1h, status,2, status,0
 Tracked objects:
		On entry : 
		On exit  : 
		Unchanged: 
 Data sizes:     COMMON   BANK0   BANK1   BANK2   BANK3   BANK4   BANK5
      Params:         0       0       0       0       0       0       0
      Locals:         1       0       0       0       0       0       0
      Temps:          1       0       0       0       0       0       0
      Totals:         2       0       0       0       0       0       0
Total ram usage:        2 bytes
 Hardware stack levels used:    1
 This function calls:
		Nothing
 This function is called by:
		_isr
 This function uses a non-reentrant model



MODULE INFORMATION

Module		Function		Class		Link	Load	Size
beacon_main.c
		_main          		CODE           	01AB	0000	46
		_isr           		CODE           	0004	0000	56

beacon_main.c estimated size: 102

beacon_functions.c
		_PlaybackMode  		CODE           	0052	0000	264
		_InitTimer0    		CODE           	026C	0000	13
		_CheckDisconnec		CODE           	0285	0000	10
		_WriteBuffer   		CODE           	01F8	0000	23
		_InitGPIO      		CODE           	01D9	0000	31
		_ReadBuffer    		CODE           	020F	0000	23
		_InitSPI       		CODE           	024B	0000	18
		_InitDAC       		CODE           	0226	0000	19
		_WriteSPI      		CODE           	0239	0000	18
		_ReadSPI       		CODE           	0279	0000	12
		_ReadStatusSPI 		CODE           	025D	0000	15
		_InitWatchdog  		CODE           	0297	0000	7
		_InitCLK       		CODE           	028F	0000	8
		_ReadOverheadSP		CODE           	015A	0000	81

beacon_functions.c estimated size: 542

shared
		__initializatio		CODE           	003E	0000	16

shared estimated size: 16

